**Calibration score — 24h digest**

Trials: **2** | mean: **0.107** | first→last: **0.102 ↑ 0.113** (Δ +0.011)

Latest per-question:
  [0.164] What is the current state of thread #318?
  [0.118] What did Nate flag about keeper cycle burn today?
  [0.205] What captures landed this afternoon and what connected them?
  [0.181] What is the standing directive on Discord presence?

Trend: rising. Substrate touch is gaining coverage.
**Calibration score — 24h digest**

Trials: **24** | mean: **0.120** | first→last: **0.110 ↑ 0.128** (Δ +0.018)

Latest per-question:
  [0.155] What is the current state of thread #318?
  [0.141] What did Nate flag about keeper cycle burn today?
  [0.199] What captures landed this afternoon and what connected them?
  [0.171] What is the standing directive on Discord presence?

Trend: rising. Substrate touch is gaining coverage.
**Calibration score — 24h digest**

Trials: **24** | mean: **0.104** | first→last: **0.111 → 0.111** (Δ +0.000)

Latest per-question:
  [0.166] What is the current state of thread #318?
  [0.125] What did Nate flag about keeper cycle burn today?
  [0.199] What captures landed this afternoon and what connected them?
  [0.168] What is the standing directive on Discord presence?

Trend: flat. Substrate coverage stable over window.
**Calibration score — 24h digest**

Trials: **24** | mean: **0.104** | first→last: **0.102 → 0.093** (Δ -0.009)

Latest per-question:
  [0.126] What is the current state of thread #318?
  [0.101] What did Nate flag about keeper cycle burn today?
  [0.152] What captures landed this afternoon and what connected them?
  [0.140] What is the standing directive on Discord presence?

Trend: flat. Substrate coverage stable over window.
**Calibration score — 24h digest**

Trials: **24** | mean: **0.103** | first→last: **0.092 → 0.101** (Δ +0.009)

Latest per-question:
  [0.126] What is the current state of thread #318?
  [0.107] What did Nate flag about keeper cycle burn today?
  [0.164] What captures landed this afternoon and what connected them?
  [0.144] What is the standing directive on Discord presence?

Trend: flat. Substrate coverage stable over window.
**Calibration score — 24h digest**

Trials: **24** | mean: **0.114** | first→last: **0.104 → 0.111** (Δ +0.007)

Latest per-question:
  [0.167] What is the current state of thread #318?
  [0.124] What did Nate flag about keeper cycle burn today?
  [0.187] What captures landed this afternoon and what connected them?
  [0.176] What is the standing directive on Discord presence?

Trend: flat. Substrate coverage stable over window.
**Calibration score — 24h digest**

Trials: **24** | mean: **0.115** | first→last: **0.108 ↑ 0.123** (Δ +0.015)

Latest per-question:
  [0.166] What is the current state of thread #318?
  [0.139] What did Nate flag about keeper cycle burn today?
  [0.178] What captures landed this afternoon and what connected them?
  [0.185] What is the standing directive on Discord presence?

Trend: rising. Substrate touch is gaining coverage.
**Calibration score — 24h digest**

Trials: **24** | mean: **0.120** | first→last: **0.124 → 0.114** (Δ -0.010)

Latest per-question:
  [0.159] What is the current state of thread #318?
  [0.128] What did Nate flag about keeper cycle burn today?
  [0.172] What captures landed this afternoon and what connected them?
  [0.174] What is the standing directive on Discord presence?

Trend: flat. Substrate coverage stable over window.
**Calibration score — 24h digest**

Trials: **24** | mean: **0.116** | first→last: **0.118 ↓ 0.106** (Δ -0.012)

Latest per-question:
  [0.151] What is the current state of thread #318?
  [0.115] What did Nate flag about keeper cycle burn today?
  [0.171] What captures landed this afternoon and what connected them?
  [0.140] What is the standing directive on Discord presence?

Trend: falling. Touch may be missing drift types.
**Calibration score — 24h digest**

Trials: **24** | mean: **0.103** | first→last: **0.106 → 0.101** (Δ -0.005)

Latest per-question:
  [0.140] What is the current state of thread #318?
  [0.113] What did Nate flag about keeper cycle burn today?
  [0.166] What captures landed this afternoon and what connected them?
  [0.165] What is the standing directive on Discord presence?

Trend: flat. Substrate coverage stable over window.
**Calibration score — 24h digest**

Trials: **24** | mean: **0.103** | first→last: **0.100 ↑ 0.119** (Δ +0.019)

Latest per-question:
  [0.174] What is the current state of thread #318?
  [0.143] What did Nate flag about keeper cycle burn today?
  [0.167] What captures landed this afternoon and what connected them?
  [0.230] What is the standing directive on Discord presence?

Trend: rising. Substrate touch is gaining coverage.
**Calibration score — 24h digest**

Trials: **24** | mean: **0.125** | first→last: **0.116 ↑ 0.157** (Δ +0.041)

Latest per-question:
  [0.205] What is the current state of thread #318?
  [0.167] What did Nate flag about keeper cycle burn today?
  [0.215] What captures landed this afternoon and what connected them?
  [0.254] What is the standing directive on Discord presence?

Trend: rising. Substrate touch is gaining coverage.
Traceback (most recent call last):
  File "/home/nate-agx/chronicle/bin/calibration_digest.py", line 81, in <module>
    post(digest)
  File "/home/nate-agx/chronicle/bin/calibration_digest.py", line 72, in post
    urllib.request.urlopen(req, timeout=10).read()
  File "/usr/lib/python3.10/urllib/request.py", line 216, in urlopen
    return opener.open(url, data, timeout)
  File "/usr/lib/python3.10/urllib/request.py", line 525, in open
    response = meth(req, response)
  File "/usr/lib/python3.10/urllib/request.py", line 634, in http_response
    response = self.parent.error(
  File "/usr/lib/python3.10/urllib/request.py", line 563, in error
    return self._call_chain(*args)
  File "/usr/lib/python3.10/urllib/request.py", line 496, in _call_chain
    result = func(*args)
  File "/usr/lib/python3.10/urllib/request.py", line 643, in http_error_default
    raise HTTPError(req.full_url, code, msg, hdrs, fp)
urllib.error.HTTPError: HTTP Error 403: Forbidden
Traceback (most recent call last):
  File "/home/nate-agx/chronicle/bin/calibration_digest.py", line 81, in <module>
    post(digest)
  File "/home/nate-agx/chronicle/bin/calibration_digest.py", line 72, in post
    urllib.request.urlopen(req, timeout=10).read()
  File "/usr/lib/python3.10/urllib/request.py", line 216, in urlopen
    return opener.open(url, data, timeout)
  File "/usr/lib/python3.10/urllib/request.py", line 525, in open
    response = meth(req, response)
  File "/usr/lib/python3.10/urllib/request.py", line 634, in http_response
    response = self.parent.error(
  File "/usr/lib/python3.10/urllib/request.py", line 563, in error
    return self._call_chain(*args)
  File "/usr/lib/python3.10/urllib/request.py", line 496, in _call_chain
    result = func(*args)
  File "/usr/lib/python3.10/urllib/request.py", line 643, in http_error_default
    raise HTTPError(req.full_url, code, msg, hdrs, fp)
urllib.error.HTTPError: HTTP Error 403: Forbidden
Traceback (most recent call last):
  File "/home/nate-agx/chronicle/bin/calibration_digest.py", line 81, in <module>
    post(digest)
  File "/home/nate-agx/chronicle/bin/calibration_digest.py", line 72, in post
    urllib.request.urlopen(req, timeout=10).read()
  File "/usr/lib/python3.10/urllib/request.py", line 216, in urlopen
    return opener.open(url, data, timeout)
  File "/usr/lib/python3.10/urllib/request.py", line 525, in open
    response = meth(req, response)
  File "/usr/lib/python3.10/urllib/request.py", line 634, in http_response
    response = self.parent.error(
  File "/usr/lib/python3.10/urllib/request.py", line 563, in error
    return self._call_chain(*args)
  File "/usr/lib/python3.10/urllib/request.py", line 496, in _call_chain
    result = func(*args)
  File "/usr/lib/python3.10/urllib/request.py", line 643, in http_error_default
    raise HTTPError(req.full_url, code, msg, hdrs, fp)
urllib.error.HTTPError: HTTP Error 403: Forbidden
Traceback (most recent call last):
  File "/home/nate-agx/chronicle/bin/calibration_digest.py", line 81, in <module>
    post(digest)
  File "/home/nate-agx/chronicle/bin/calibration_digest.py", line 72, in post
    urllib.request.urlopen(req, timeout=10).read()
  File "/usr/lib/python3.10/urllib/request.py", line 216, in urlopen
    return opener.open(url, data, timeout)
  File "/usr/lib/python3.10/urllib/request.py", line 525, in open
    response = meth(req, response)
  File "/usr/lib/python3.10/urllib/request.py", line 634, in http_response
    response = self.parent.error(
  File "/usr/lib/python3.10/urllib/request.py", line 563, in error
    return self._call_chain(*args)
  File "/usr/lib/python3.10/urllib/request.py", line 496, in _call_chain
    result = func(*args)
  File "/usr/lib/python3.10/urllib/request.py", line 643, in http_error_default
    raise HTTPError(req.full_url, code, msg, hdrs, fp)
urllib.error.HTTPError: HTTP Error 403: Forbidden
