[2026-04-15T08:18:15] posted digest (1 items, 306 chars) — 1/15 today
/home/nate-agx/.local/lib/python3.10/site-packages/requests/__init__.py:113: RequestsDependencyWarning: urllib3 (2.6.3) or chardet (7.4.0.post2)/charset_normalizer (3.4.4) doesn't match a supported version!
  warnings.warn(
[2026-04-15T08:18:29] no fresh cross-chain items (12 scanned, 1 cross-tagged)
/home/nate-agx/.local/lib/python3.10/site-packages/requests/__init__.py:113: RequestsDependencyWarning: urllib3 (2.6.3) or chardet (7.4.0.post2)/charset_normalizer (3.4.4) doesn't match a supported version!
  warnings.warn(
[2026-04-15T10:20:15] no fresh cross-chain items (10 scanned, 0 cross-tagged)
/home/nate-agx/.local/lib/python3.10/site-packages/requests/__init__.py:113: RequestsDependencyWarning: urllib3 (2.6.3) or chardet (7.4.0.post2)/charset_normalizer (3.4.4) doesn't match a supported version!
  warnings.warn(
[2026-04-15T12:21:07] posted digest (8 items, 1894 chars) — 2/15 today
[2026-04-15T12:21:07] extractor: [extractor] stored 15 edges from 8 items
/home/nate-agx/.local/lib/python3.10/site-packages/requests/__init__.py:113: RequestsDependencyWarning: urllib3 (2.6.3) or chardet (7.4.0.post2)/charset_normalizer (3.4.4) doesn't match a supported version!
  warnings.warn(
[2026-04-15T14:22:10] posted digest (2 items, 1051 chars) — 3/15 today
[2026-04-15T14:22:10] extractor: [extractor] stored 12 edges from 7 items
/home/nate-agx/.local/lib/python3.10/site-packages/requests/__init__.py:113: RequestsDependencyWarning: urllib3 (2.6.3) or chardet (7.4.0.post2)/charset_normalizer (3.4.4) doesn't match a supported version!
  warnings.warn(
[2026-04-15T16:23:50] posted digest (1 items, 521 chars) — 4/15 today
[2026-04-15T16:23:50] extractor: [extractor] stored 12 edges from 8 items
/home/nate-agx/.local/lib/python3.10/site-packages/requests/__init__.py:113: RequestsDependencyWarning: urllib3 (2.6.3) or chardet (7.4.0.post2)/charset_normalizer (3.4.4) doesn't match a supported version!
  warnings.warn(
[2026-04-15T18:26:10] posted digest (1 items, 815 chars) — 5/15 today
[2026-04-15T18:26:10] extractor: [extractor] stored 8 edges from 4 items
/home/nate-agx/.local/lib/python3.10/site-packages/requests/__init__.py:113: RequestsDependencyWarning: urllib3 (2.6.3) or chardet (7.4.0.post2)/charset_normalizer (3.4.4) doesn't match a supported version!
  warnings.warn(
[2026-04-15T20:28:20] no fresh cross-chain items (2 scanned, 2 cross-tagged)
/home/nate-agx/.local/lib/python3.10/site-packages/requests/__init__.py:113: RequestsDependencyWarning: urllib3 (2.6.3) or chardet (7.4.0.post2)/charset_normalizer (3.4.4) doesn't match a supported version!
  warnings.warn(
[2026-04-15T22:29:20] posted digest (2 items, 1220 chars) — 6/15 today
[2026-04-15T22:29:20] extractor: [extractor] stored 4 edges from 3 items
/home/nate-agx/.local/lib/python3.10/site-packages/requests/__init__.py:113: RequestsDependencyWarning: urllib3 (2.6.3) or chardet (7.4.0.post2)/charset_normalizer (3.4.4) doesn't match a supported version!
  warnings.warn(
[2026-04-16T00:31:00] posted digest (1 items, 599 chars) — 1/15 today
[2026-04-16T00:31:00] extractor: [extractor] stored 4 edges from 3 items
/home/nate-agx/.local/lib/python3.10/site-packages/requests/__init__.py:113: RequestsDependencyWarning: urllib3 (2.6.3) or chardet (7.4.0.post2)/charset_normalizer (3.4.4) doesn't match a supported version!
  warnings.warn(
[2026-04-16T02:33:49] no fresh cross-chain items (2 scanned, 2 cross-tagged)
/home/nate-agx/.local/lib/python3.10/site-packages/requests/__init__.py:113: RequestsDependencyWarning: urllib3 (2.6.3) or chardet (7.4.0.post2)/charset_normalizer (3.4.4) doesn't match a supported version!
  warnings.warn(
[2026-04-16T04:34:40] posted digest (4 items, 1894 chars) — 2/15 today
[2026-04-16T04:34:40] extractor: [extractor] stored 8 edges from 6 items
/home/nate-agx/.local/lib/python3.10/site-packages/requests/__init__.py:113: RequestsDependencyWarning: urllib3 (2.6.3) or chardet (7.4.0.post2)/charset_normalizer (3.4.4) doesn't match a supported version!
  warnings.warn(
[2026-04-16T06:36:50] posted digest (2 items, 1131 chars) — 3/15 today
[2026-04-16T06:36:50] extractor: [extractor] stored 8 edges from 7 items
/home/nate-agx/.local/lib/python3.10/site-packages/requests/__init__.py:113: RequestsDependencyWarning: urllib3 (2.6.3) or chardet (7.4.0.post2)/charset_normalizer (3.4.4) doesn't match a supported version!
  warnings.warn(
[2026-04-16T08:40:10] posted digest (2 items, 1233 chars) — 4/15 today
[2026-04-16T08:40:10] extractor: [extractor] stored 4 edges from 6 items
/home/nate-agx/.local/lib/python3.10/site-packages/requests/__init__.py:113: RequestsDependencyWarning: urllib3 (2.6.3) or chardet (7.4.0.post2)/charset_normalizer (3.4.4) doesn't match a supported version!
  warnings.warn(
[2026-04-16T10:43:10] posted digest (1 items, 664 chars) — 5/15 today
[2026-04-16T10:43:10] extractor: [extractor] stored 2 edges from 6 items
/home/nate-agx/.local/lib/python3.10/site-packages/requests/__init__.py:113: RequestsDependencyWarning: urllib3 (2.6.3) or chardet (7.4.0.post2)/charset_normalizer (3.4.4) doesn't match a supported version!
  warnings.warn(
[2026-04-16T12:43:50] posted digest (5 items, 1894 chars) — 6/15 today
[2026-04-16T12:43:50] extractor: [extractor] stored 3 edges from 9 items
/home/nate-agx/.local/lib/python3.10/site-packages/requests/__init__.py:113: RequestsDependencyWarning: urllib3 (2.6.3) or chardet (7.4.0.post2)/charset_normalizer (3.4.4) doesn't match a supported version!
  warnings.warn(
[2026-04-16T14:46:00] posted digest (6 items, 1894 chars) — 7/15 today
[2026-04-16T14:46:00] extractor: [extractor] stored 3 edges from 10 items
/home/nate-agx/.local/lib/python3.10/site-packages/requests/__init__.py:113: RequestsDependencyWarning: urllib3 (2.6.3) or chardet (7.4.0.post2)/charset_normalizer (3.4.4) doesn't match a supported version!
  warnings.warn(
[2026-04-16T16:48:11] no fresh cross-chain items (10 scanned, 5 cross-tagged)
/home/nate-agx/.local/lib/python3.10/site-packages/requests/__init__.py:113: RequestsDependencyWarning: urllib3 (2.6.3) or chardet (7.4.0.post2)/charset_normalizer (3.4.4) doesn't match a supported version!
  warnings.warn(
[2026-04-16T18:48:50] posted digest (7 items, 1894 chars) — 8/15 today
[2026-04-16T18:48:51] extractor: [extractor] stored 3 edges from 15 items
/home/nate-agx/.local/lib/python3.10/site-packages/requests/__init__.py:113: RequestsDependencyWarning: urllib3 (2.6.3) or chardet (7.4.0.post2)/charset_normalizer (3.4.4) doesn't match a supported version!
  warnings.warn(
[2026-04-16T20:51:00] posted digest (2 items, 1244 chars) — 9/15 today
[2026-04-16T20:51:00] extractor: [extractor] stored 3 edges from 15 items
/home/nate-agx/.local/lib/python3.10/site-packages/requests/__init__.py:113: RequestsDependencyWarning: urllib3 (2.6.3) or chardet (7.4.0.post2)/charset_normalizer (3.4.4) doesn't match a supported version!
  warnings.warn(
[2026-04-16T22:53:50] no fresh cross-chain items (11 scanned, 11 cross-tagged)
/home/nate-agx/.local/lib/python3.10/site-packages/requests/__init__.py:113: RequestsDependencyWarning: urllib3 (2.6.3) or chardet (7.4.0.post2)/charset_normalizer (3.4.4) doesn't match a supported version!
  warnings.warn(
[2026-04-17T00:56:05] posted digest (1 items, 1289 chars) — 1/15 today
[2026-04-17T00:56:06] extractor: [extractor] stored 2 edges from 10 items
/home/nate-agx/.local/lib/python3.10/site-packages/requests/__init__.py:113: RequestsDependencyWarning: urllib3 (2.6.3) or chardet (7.4.0.post2)/charset_normalizer (3.4.4) doesn't match a supported version!
  warnings.warn(
[2026-04-17T02:57:02] posted digest (1 items, 890 chars) — 2/15 today
[2026-04-17T02:57:02] extractor: [extractor] stored 2 edges from 10 items
/home/nate-agx/.local/lib/python3.10/site-packages/requests/__init__.py:113: RequestsDependencyWarning: urllib3 (2.6.3) or chardet (7.4.0.post2)/charset_normalizer (3.4.4) doesn't match a supported version!
  warnings.warn(
[2026-04-17T04:59:10] posted digest (2 items, 1335 chars) — 3/15 today
[2026-04-17T04:59:10] extractor: [extractor] stored 0 edges from 10 items
/home/nate-agx/.local/lib/python3.10/site-packages/requests/__init__.py:113: RequestsDependencyWarning: urllib3 (2.6.3) or chardet (7.4.0.post2)/charset_normalizer (3.4.4) doesn't match a supported version!
  warnings.warn(
[2026-04-17T07:01:20] posted digest (2 items, 1440 chars) — 4/15 today
[2026-04-17T07:01:20] extractor: [extractor] stored 0 edges from 9 items
/home/nate-agx/.local/lib/python3.10/site-packages/requests/__init__.py:113: RequestsDependencyWarning: urllib3 (2.6.3) or chardet (7.4.0.post2)/charset_normalizer (3.4.4) doesn't match a supported version!
  warnings.warn(
[2026-04-17T09:03:50] posted digest (1 items, 671 chars) — 5/15 today
[2026-04-17T09:03:50] extractor: [extractor] stored 0 edges from 10 items
/home/nate-agx/.local/lib/python3.10/site-packages/requests/__init__.py:113: RequestsDependencyWarning: urllib3 (2.6.3) or chardet (7.4.0.post2)/charset_normalizer (3.4.4) doesn't match a supported version!
  warnings.warn(
[2026-04-17T11:04:52] no fresh cross-chain items (10 scanned, 10 cross-tagged)
/home/nate-agx/.local/lib/python3.10/site-packages/requests/__init__.py:113: RequestsDependencyWarning: urllib3 (2.6.3) or chardet (7.4.0.post2)/charset_normalizer (3.4.4) doesn't match a supported version!
  warnings.warn(
[2026-04-17T13:07:10] posted digest (4 items, 1894 chars) — 6/15 today
[2026-04-17T13:07:11] extractor: [extractor] stored 0 edges from 11 items
/home/nate-agx/.local/lib/python3.10/site-packages/requests/__init__.py:113: RequestsDependencyWarning: urllib3 (2.6.3) or chardet (7.4.0.post2)/charset_normalizer (3.4.4) doesn't match a supported version!
  warnings.warn(
[2026-04-17T15:09:11] posted digest (2 items, 938 chars) — 7/15 today
[2026-04-17T15:09:11] extractor: [extractor] stored 0 edges from 11 items
/home/nate-agx/.local/lib/python3.10/site-packages/requests/__init__.py:113: RequestsDependencyWarning: urllib3 (2.6.3) or chardet (7.4.0.post2)/charset_normalizer (3.4.4) doesn't match a supported version!
  warnings.warn(
[2026-04-17T17:10:00] posted digest (1 items, 624 chars) — 8/15 today
[2026-04-17T17:10:00] extractor: [extractor] stored 2 edges from 11 items
/home/nate-agx/.local/lib/python3.10/site-packages/requests/__init__.py:113: RequestsDependencyWarning: urllib3 (2.6.3) or chardet (7.4.0.post2)/charset_normalizer (3.4.4) doesn't match a supported version!
  warnings.warn(
[2026-04-17T19:10:05] no fresh cross-chain items (10 scanned, 10 cross-tagged)
/home/nate-agx/.local/lib/python3.10/site-packages/requests/__init__.py:113: RequestsDependencyWarning: urllib3 (2.6.3) or chardet (7.4.0.post2)/charset_normalizer (3.4.4) doesn't match a supported version!
  warnings.warn(
[2026-04-17T21:10:30] no fresh cross-chain items (8 scanned, 8 cross-tagged)
/home/nate-agx/.local/lib/python3.10/site-packages/requests/__init__.py:113: RequestsDependencyWarning: urllib3 (2.6.3) or chardet (7.4.0.post2)/charset_normalizer (3.4.4) doesn't match a supported version!
  warnings.warn(
[2026-04-17T23:11:10] no fresh cross-chain items (6 scanned, 6 cross-tagged)
/home/nate-agx/.local/lib/python3.10/site-packages/requests/__init__.py:113: RequestsDependencyWarning: urllib3 (2.6.3) or chardet (7.4.0.post2)/charset_normalizer (3.4.4) doesn't match a supported version!
  warnings.warn(
[2026-04-18T01:13:24] no fresh cross-chain items (6 scanned, 6 cross-tagged)
/home/nate-agx/.local/lib/python3.10/site-packages/requests/__init__.py:113: RequestsDependencyWarning: urllib3 (2.6.3) or chardet (7.4.0.post2)/charset_normalizer (3.4.4) doesn't match a supported version!
  warnings.warn(
[2026-04-18T03:15:00] posted digest (1 items, 437 chars) — 1/15 today
[2026-04-18T03:15:00] extractor: [extractor] stored 0 edges from 6 items
/home/nate-agx/.local/lib/python3.10/site-packages/requests/__init__.py:113: RequestsDependencyWarning: urllib3 (2.6.3) or chardet (7.4.0.post2)/charset_normalizer (3.4.4) doesn't match a supported version!
  warnings.warn(
[2026-04-18T05:18:00] posted digest (1 items, 445 chars) — 2/15 today
[2026-04-18T05:18:00] extractor: [extractor] stored 0 edges from 6 items
/home/nate-agx/.local/lib/python3.10/site-packages/requests/__init__.py:113: RequestsDependencyWarning: urllib3 (2.6.3) or chardet (7.4.0.post2)/charset_normalizer (3.4.4) doesn't match a supported version!
  warnings.warn(
[2026-04-18T07:20:10] posted digest (1 items, 447 chars) — 3/15 today
[2026-04-18T07:20:10] extractor: [extractor] stored 0 edges from 6 items
/home/nate-agx/.local/lib/python3.10/site-packages/requests/__init__.py:113: RequestsDependencyWarning: urllib3 (2.6.3) or chardet (7.4.0.post2)/charset_normalizer (3.4.4) doesn't match a supported version!
  warnings.warn(
[2026-04-18T09:22:36] posted digest (2 items, 1021 chars) — 4/15 today
[2026-04-18T09:22:36] extractor: [extractor] stored 0 edges from 8 items
/home/nate-agx/.local/lib/python3.10/site-packages/requests/__init__.py:113: RequestsDependencyWarning: urllib3 (2.6.3) or chardet (7.4.0.post2)/charset_normalizer (3.4.4) doesn't match a supported version!
  warnings.warn(
[2026-04-18T11:23:10] posted digest (1 items, 653 chars) — 5/15 today
[2026-04-18T11:23:11] extractor: [extractor] stored 0 edges from 9 items
/home/nate-agx/.local/lib/python3.10/site-packages/requests/__init__.py:113: RequestsDependencyWarning: urllib3 (2.6.3) or chardet (7.4.0.post2)/charset_normalizer (3.4.4) doesn't match a supported version!
  warnings.warn(
[2026-04-18T13:23:51] posted digest (1 items, 496 chars) — 6/15 today
[2026-04-18T13:23:51] extractor: [extractor] stored 2 edges from 9 items
/home/nate-agx/.local/lib/python3.10/site-packages/requests/__init__.py:113: RequestsDependencyWarning: urllib3 (2.6.3) or chardet (7.4.0.post2)/charset_normalizer (3.4.4) doesn't match a supported version!
  warnings.warn(
[2026-04-18T15:26:20] posted digest (1 items, 621 chars) — 7/15 today
[2026-04-18T15:26:21] extractor: [extractor] stored 2 edges from 10 items
/home/nate-agx/.local/lib/python3.10/site-packages/requests/__init__.py:113: RequestsDependencyWarning: urllib3 (2.6.3) or chardet (7.4.0.post2)/charset_normalizer (3.4.4) doesn't match a supported version!
  warnings.warn(
[2026-04-18T17:29:10] no fresh cross-chain items (9 scanned, 9 cross-tagged)
/home/nate-agx/.local/lib/python3.10/site-packages/requests/__init__.py:113: RequestsDependencyWarning: urllib3 (2.6.3) or chardet (7.4.0.post2)/charset_normalizer (3.4.4) doesn't match a supported version!
  warnings.warn(
[2026-04-18T19:31:11] posted digest (1 items, 506 chars) — 8/15 today
[2026-04-18T19:31:11] extractor: [extractor] stored 0 edges from 9 items
/home/nate-agx/.local/lib/python3.10/site-packages/requests/__init__.py:113: RequestsDependencyWarning: urllib3 (2.6.3) or chardet (7.4.0.post2)/charset_normalizer (3.4.4) doesn't match a supported version!
  warnings.warn(
[2026-04-18T21:32:00] no fresh cross-chain items (8 scanned, 8 cross-tagged)
/home/nate-agx/.local/lib/python3.10/site-packages/requests/__init__.py:113: RequestsDependencyWarning: urllib3 (2.6.3) or chardet (7.4.0.post2)/charset_normalizer (3.4.4) doesn't match a supported version!
  warnings.warn(
[2026-04-18T23:33:02] no fresh cross-chain items (8 scanned, 8 cross-tagged)
/home/nate-agx/.local/lib/python3.10/site-packages/requests/__init__.py:113: RequestsDependencyWarning: urllib3 (2.6.3) or chardet (7.4.0.post2)/charset_normalizer (3.4.4) doesn't match a supported version!
  warnings.warn(
[2026-04-19T01:33:55] no fresh cross-chain items (7 scanned, 7 cross-tagged)
/home/nate-agx/.local/lib/python3.10/site-packages/requests/__init__.py:113: RequestsDependencyWarning: urllib3 (2.6.3) or chardet (7.4.0.post2)/charset_normalizer (3.4.4) doesn't match a supported version!
  warnings.warn(
[2026-04-19T03:35:20] posted digest (1 items, 618 chars) — 1/15 today
[2026-04-19T03:35:20] extractor: [extractor] stored 0 edges from 8 items
/home/nate-agx/.local/lib/python3.10/site-packages/requests/__init__.py:113: RequestsDependencyWarning: urllib3 (2.6.3) or chardet (7.4.0.post2)/charset_normalizer (3.4.4) doesn't match a supported version!
  warnings.warn(
[2026-04-19T05:37:50] posted digest (1 items, 560 chars) — 2/15 today
[2026-04-19T05:37:50] extractor: [extractor] stored 0 edges from 9 items
/home/nate-agx/.local/lib/python3.10/site-packages/requests/__init__.py:113: RequestsDependencyWarning: urllib3 (2.6.3) or chardet (7.4.0.post2)/charset_normalizer (3.4.4) doesn't match a supported version!
  warnings.warn(
[2026-04-19T07:40:20] posted digest (1 items, 550 chars) — 3/15 today
[2026-04-19T07:40:20] extractor: [extractor] stored 0 edges from 9 items
/home/nate-agx/.local/lib/python3.10/site-packages/requests/__init__.py:113: RequestsDependencyWarning: urllib3 (2.6.3) or chardet (7.4.0.post2)/charset_normalizer (3.4.4) doesn't match a supported version!
  warnings.warn(
[2026-04-19T09:41:40] no fresh cross-chain items (8 scanned, 7 cross-tagged)
/home/nate-agx/.local/lib/python3.10/site-packages/requests/__init__.py:113: RequestsDependencyWarning: urllib3 (2.6.3) or chardet (7.4.0.post2)/charset_normalizer (3.4.4) doesn't match a supported version!
  warnings.warn(
[2026-04-19T11:44:35] no fresh cross-chain items (8 scanned, 7 cross-tagged)
/home/nate-agx/.local/lib/python3.10/site-packages/requests/__init__.py:113: RequestsDependencyWarning: urllib3 (2.6.3) or chardet (7.4.0.post2)/charset_normalizer (3.4.4) doesn't match a supported version!
  warnings.warn(
[2026-04-19T13:47:31] no fresh cross-chain items (8 scanned, 7 cross-tagged)
/home/nate-agx/.local/lib/python3.10/site-packages/requests/__init__.py:113: RequestsDependencyWarning: urllib3 (2.6.3) or chardet (7.4.0.post2)/charset_normalizer (3.4.4) doesn't match a supported version!
  warnings.warn(
[2026-04-19T15:49:05] no fresh cross-chain items (7 scanned, 6 cross-tagged)
/home/nate-agx/.local/lib/python3.10/site-packages/requests/__init__.py:113: RequestsDependencyWarning: urllib3 (2.6.3) or chardet (7.4.0.post2)/charset_normalizer (3.4.4) doesn't match a supported version!
  warnings.warn(
[2026-04-19T17:49:50] no fresh cross-chain items (7 scanned, 6 cross-tagged)
/home/nate-agx/.local/lib/python3.10/site-packages/requests/__init__.py:113: RequestsDependencyWarning: urllib3 (2.6.3) or chardet (7.4.0.post2)/charset_normalizer (3.4.4) doesn't match a supported version!
  warnings.warn(
[2026-04-19T19:51:30] no fresh cross-chain items (7 scanned, 6 cross-tagged)
/home/nate-agx/.local/lib/python3.10/site-packages/requests/__init__.py:113: RequestsDependencyWarning: urllib3 (2.6.3) or chardet (7.4.0.post2)/charset_normalizer (3.4.4) doesn't match a supported version!
  warnings.warn(
[2026-04-19T21:53:40] no fresh cross-chain items (7 scanned, 6 cross-tagged)
/home/nate-agx/.local/lib/python3.10/site-packages/requests/__init__.py:113: RequestsDependencyWarning: urllib3 (2.6.3) or chardet (7.4.0.post2)/charset_normalizer (3.4.4) doesn't match a supported version!
  warnings.warn(
[2026-04-19T23:55:10] no fresh cross-chain items (7 scanned, 6 cross-tagged)
/home/nate-agx/.local/lib/python3.10/site-packages/requests/__init__.py:113: RequestsDependencyWarning: urllib3 (2.6.3) or chardet (7.4.0.post2)/charset_normalizer (3.4.4) doesn't match a supported version!
  warnings.warn(
[2026-04-20T01:57:00] no fresh cross-chain items (7 scanned, 6 cross-tagged)
/home/nate-agx/.local/lib/python3.10/site-packages/requests/__init__.py:113: RequestsDependencyWarning: urllib3 (2.6.3) or chardet (7.4.0.post2)/charset_normalizer (3.4.4) doesn't match a supported version!
  warnings.warn(
[2026-04-20T03:59:11] posted digest (2 items, 1021 chars) — 1/15 today
[2026-04-20T03:59:11] extractor: [extractor] stored 0 edges from 9 items
/home/nate-agx/.local/lib/python3.10/site-packages/requests/__init__.py:113: RequestsDependencyWarning: urllib3 (2.6.3) or chardet (7.4.0.post2)/charset_normalizer (3.4.4) doesn't match a supported version!
  warnings.warn(
[2026-04-20T06:01:46] posted digest (4 items, 1894 chars) — 2/15 today
[2026-04-20T06:01:46] extractor: [extractor] stored 1 edges from 11 items
/home/nate-agx/.local/lib/python3.10/site-packages/requests/__init__.py:113: RequestsDependencyWarning: urllib3 (2.6.3) or chardet (7.4.0.post2)/charset_normalizer (3.4.4) doesn't match a supported version!
  warnings.warn(
[2026-04-20T08:03:40] no fresh cross-chain items (11 scanned, 10 cross-tagged)
/home/nate-agx/.local/lib/python3.10/site-packages/requests/__init__.py:113: RequestsDependencyWarning: urllib3 (2.6.3) or chardet (7.4.0.post2)/charset_normalizer (3.4.4) doesn't match a supported version!
  warnings.warn(
[2026-04-20T10:06:50] posted digest (2 items, 1091 chars) — 3/15 today
[2026-04-20T10:06:50] extractor: [extractor] stored 1 edges from 13 items
/home/nate-agx/.local/lib/python3.10/site-packages/requests/__init__.py:113: RequestsDependencyWarning: urllib3 (2.6.3) or chardet (7.4.0.post2)/charset_normalizer (3.4.4) doesn't match a supported version!
  warnings.warn(
[2026-04-20T12:07:43] posted digest (1 items, 512 chars) — 4/15 today
[2026-04-20T12:07:43] extractor: [extractor] stored 3 edges from 14 items
/home/nate-agx/.local/lib/python3.10/site-packages/requests/__init__.py:113: RequestsDependencyWarning: urllib3 (2.6.3) or chardet (7.4.0.post2)/charset_normalizer (3.4.4) doesn't match a supported version!
  warnings.warn(
[2026-04-20T14:08:11] posted digest (1 items, 567 chars) — 5/15 today
[2026-04-20T14:08:11] extractor: [extractor] stored 3 edges from 13 items
/home/nate-agx/.local/lib/python3.10/site-packages/requests/__init__.py:113: RequestsDependencyWarning: urllib3 (2.6.3) or chardet (7.4.0.post2)/charset_normalizer (3.4.4) doesn't match a supported version!
  warnings.warn(
[2026-04-20T16:10:50] posted digest (1 items, 533 chars) — 6/15 today
[2026-04-20T16:10:51] extractor: [extractor] stored 2 edges from 10 items
/home/nate-agx/.local/lib/python3.10/site-packages/requests/__init__.py:113: RequestsDependencyWarning: urllib3 (2.6.3) or chardet (7.4.0.post2)/charset_normalizer (3.4.4) doesn't match a supported version!
  warnings.warn(
[2026-04-20T18:13:47] posted digest (2 items, 1078 chars) — 7/15 today
[2026-04-20T18:13:48] extractor: [extractor] stored 3 edges from 11 items
/home/nate-agx/.local/lib/python3.10/site-packages/requests/__init__.py:113: RequestsDependencyWarning: urllib3 (2.6.3) or chardet (7.4.0.post2)/charset_normalizer (3.4.4) doesn't match a supported version!
  warnings.warn(
[2026-04-20T20:15:50] no fresh cross-chain items (11 scanned, 10 cross-tagged)
/home/nate-agx/.local/lib/python3.10/site-packages/requests/__init__.py:113: RequestsDependencyWarning: urllib3 (2.6.3) or chardet (7.4.0.post2)/charset_normalizer (3.4.4) doesn't match a supported version!
  warnings.warn(
[2026-04-20T22:16:34] no fresh cross-chain items (10 scanned, 9 cross-tagged)
/home/nate-agx/.local/lib/python3.10/site-packages/requests/__init__.py:113: RequestsDependencyWarning: urllib3 (2.6.3) or chardet (7.4.0.post2)/charset_normalizer (3.4.4) doesn't match a supported version!
  warnings.warn(
[2026-04-21T00:17:30] posted digest (1 items, 783 chars) — 1/15 today
[2026-04-21T00:17:30] extractor: [extractor] stored 1 edges from 10 items
/home/nate-agx/.local/lib/python3.10/site-packages/requests/__init__.py:113: RequestsDependencyWarning: urllib3 (2.6.3) or chardet (7.4.0.post2)/charset_normalizer (3.4.4) doesn't match a supported version!
  warnings.warn(
[2026-04-21T02:19:50] no fresh cross-chain items (9 scanned, 8 cross-tagged)
/home/nate-agx/.local/lib/python3.10/site-packages/requests/__init__.py:113: RequestsDependencyWarning: urllib3 (2.6.3) or chardet (7.4.0.post2)/charset_normalizer (3.4.4) doesn't match a supported version!
  warnings.warn(
[2026-04-21T04:21:40] no fresh cross-chain items (9 scanned, 8 cross-tagged)
/home/nate-agx/.local/lib/python3.10/site-packages/requests/__init__.py:113: RequestsDependencyWarning: urllib3 (2.6.3) or chardet (7.4.0.post2)/charset_normalizer (3.4.4) doesn't match a supported version!
  warnings.warn(
[2026-04-21T06:24:40] posted digest (2 items, 1030 chars) — 2/15 today
[2026-04-21T06:24:40] extractor: [extractor] stored 0 edges from 11 items
/home/nate-agx/.local/lib/python3.10/site-packages/requests/__init__.py:113: RequestsDependencyWarning: urllib3 (2.6.3) or chardet (7.4.0.post2)/charset_normalizer (3.4.4) doesn't match a supported version!
  warnings.warn(
[2026-04-21T08:27:05] posted digest (1 items, 573 chars) — 3/15 today
[2026-04-21T08:27:05] extractor: [extractor] stored 0 edges from 11 items
/home/nate-agx/.local/lib/python3.10/site-packages/requests/__init__.py:113: RequestsDependencyWarning: urllib3 (2.6.3) or chardet (7.4.0.post2)/charset_normalizer (3.4.4) doesn't match a supported version!
  warnings.warn(
[2026-04-21T10:28:26] posted digest (1 items, 534 chars) — 4/15 today
[2026-04-21T10:28:26] extractor: [extractor] stored 0 edges from 10 items
/home/nate-agx/.local/lib/python3.10/site-packages/requests/__init__.py:113: RequestsDependencyWarning: urllib3 (2.6.3) or chardet (7.4.0.post2)/charset_normalizer (3.4.4) doesn't match a supported version!
  warnings.warn(
[2026-04-21T12:30:45] posted digest (1 items, 685 chars) — 5/15 today
[2026-04-21T12:30:45] extractor: [extractor] stored 0 edges from 12 items
/home/nate-agx/.local/lib/python3.10/site-packages/requests/__init__.py:113: RequestsDependencyWarning: urllib3 (2.6.3) or chardet (7.4.0.post2)/charset_normalizer (3.4.4) doesn't match a supported version!
  warnings.warn(
[2026-04-21T14:32:11] posted digest (1 items, 600 chars) — 6/15 today
[2026-04-21T14:32:11] extractor: [extractor] stored 0 edges from 12 items
/home/nate-agx/.local/lib/python3.10/site-packages/requests/__init__.py:113: RequestsDependencyWarning: urllib3 (2.6.3) or chardet (7.4.0.post2)/charset_normalizer (3.4.4) doesn't match a supported version!
  warnings.warn(
[2026-04-21T16:33:10] posted digest (1 items, 542 chars) — 7/15 today
[2026-04-21T16:33:10] extractor: [extractor] stored 0 edges from 11 items
/home/nate-agx/.local/lib/python3.10/site-packages/requests/__init__.py:113: RequestsDependencyWarning: urllib3 (2.6.3) or chardet (7.4.0.post2)/charset_normalizer (3.4.4) doesn't match a supported version!
  warnings.warn(
[2026-04-21T18:35:40] no fresh cross-chain items (10 scanned, 10 cross-tagged)
/home/nate-agx/.local/lib/python3.10/site-packages/requests/__init__.py:113: RequestsDependencyWarning: urllib3 (2.6.3) or chardet (7.4.0.post2)/charset_normalizer (3.4.4) doesn't match a supported version!
  warnings.warn(
[2026-04-21T20:36:05] posted digest (1 items, 559 chars) — 8/15 today
[2026-04-21T20:36:05] extractor: [extractor] stored 0 edges from 11 items
/home/nate-agx/.local/lib/python3.10/site-packages/requests/__init__.py:113: RequestsDependencyWarning: urllib3 (2.6.3) or chardet (7.4.0.post2)/charset_normalizer (3.4.4) doesn't match a supported version!
  warnings.warn(
[2026-04-21T22:38:29] posted digest (1 items, 724 chars) — 9/15 today
[2026-04-21T22:38:29] extractor: [extractor] stored 0 edges from 10 items
/home/nate-agx/.local/lib/python3.10/site-packages/requests/__init__.py:113: RequestsDependencyWarning: urllib3 (2.6.3) or chardet (7.4.0.post2)/charset_normalizer (3.4.4) doesn't match a supported version!
  warnings.warn(
[2026-04-22T00:39:10] posted digest (1 items, 469 chars) — 1/15 today
[2026-04-22T00:39:10] extractor: [extractor] stored 0 edges from 9 items
/home/nate-agx/.local/lib/python3.10/site-packages/requests/__init__.py:113: RequestsDependencyWarning: urllib3 (2.6.3) or chardet (7.4.0.post2)/charset_normalizer (3.4.4) doesn't match a supported version!
  warnings.warn(
[2026-04-22T02:40:01] posted digest (1 items, 540 chars) — 2/15 today
[2026-04-22T02:40:01] extractor: [extractor] stored 0 edges from 10 items
/home/nate-agx/.local/lib/python3.10/site-packages/requests/__init__.py:113: RequestsDependencyWarning: urllib3 (2.6.3) or chardet (7.4.0.post2)/charset_normalizer (3.4.4) doesn't match a supported version!
  warnings.warn(
[2026-04-22T04:41:00] posted digest (3 items, 1888 chars) — 3/15 today
[2026-04-22T04:41:00] extractor: [extractor] stored 0 edges from 13 items
/home/nate-agx/.local/lib/python3.10/site-packages/requests/__init__.py:113: RequestsDependencyWarning: urllib3 (2.6.3) or chardet (7.4.0.post2)/charset_normalizer (3.4.4) doesn't match a supported version!
  warnings.warn(
[2026-04-22T06:42:10] posted digest (1 items, 721 chars) — 4/15 today
[2026-04-22T06:42:10] extractor: [extractor] stored 0 edges from 14 items
/home/nate-agx/.local/lib/python3.10/site-packages/requests/__init__.py:113: RequestsDependencyWarning: urllib3 (2.6.3) or chardet (7.4.0.post2)/charset_normalizer (3.4.4) doesn't match a supported version!
  warnings.warn(
[2026-04-22T08:43:10] posted digest (3 items, 1497 chars) — 5/15 today
[2026-04-22T08:43:10] extractor: [extractor] stored 0 edges from 13 items
/home/nate-agx/.local/lib/python3.10/site-packages/requests/__init__.py:113: RequestsDependencyWarning: urllib3 (2.6.3) or chardet (7.4.0.post2)/charset_normalizer (3.4.4) doesn't match a supported version!
  warnings.warn(
[2026-04-22T10:44:10] posted digest (3 items, 1432 chars) — 6/15 today
[2026-04-22T10:44:11] extractor: [extractor] stored 1 edges from 16 items
/home/nate-agx/.local/lib/python3.10/site-packages/requests/__init__.py:113: RequestsDependencyWarning: urllib3 (2.6.3) or chardet (7.4.0.post2)/charset_normalizer (3.4.4) doesn't match a supported version!
  warnings.warn(
[2026-04-22T12:45:50] posted digest (1 items, 543 chars) — 7/15 today
[2026-04-22T12:45:51] extractor: [extractor] stored 1 edges from 14 items
/home/nate-agx/.local/lib/python3.10/site-packages/requests/__init__.py:113: RequestsDependencyWarning: urllib3 (2.6.3) or chardet (7.4.0.post2)/charset_normalizer (3.4.4) doesn't match a supported version!
  warnings.warn(
[2026-04-22T14:48:10] no fresh cross-chain items (12 scanned, 12 cross-tagged)
/home/nate-agx/.local/lib/python3.10/site-packages/requests/__init__.py:113: RequestsDependencyWarning: urllib3 (2.6.3) or chardet (7.4.0.post2)/charset_normalizer (3.4.4) doesn't match a supported version!
  warnings.warn(
[2026-04-22T16:49:57] no fresh cross-chain items (12 scanned, 12 cross-tagged)
/home/nate-agx/.local/lib/python3.10/site-packages/requests/__init__.py:113: RequestsDependencyWarning: urllib3 (2.6.3) or chardet (7.4.0.post2)/charset_normalizer (3.4.4) doesn't match a supported version!
  warnings.warn(
[2026-04-22T18:52:40] posted digest (1 items, 595 chars) — 8/15 today
[2026-04-22T18:52:40] extractor: [extractor] stored 2 edges from 12 items
/home/nate-agx/.local/lib/python3.10/site-packages/requests/__init__.py:113: RequestsDependencyWarning: urllib3 (2.6.3) or chardet (7.4.0.post2)/charset_normalizer (3.4.4) doesn't match a supported version!
  warnings.warn(
[2026-04-22T20:53:40] no fresh cross-chain items (10 scanned, 10 cross-tagged)
/home/nate-agx/.local/lib/python3.10/site-packages/requests/__init__.py:113: RequestsDependencyWarning: urllib3 (2.6.3) or chardet (7.4.0.post2)/charset_normalizer (3.4.4) doesn't match a supported version!
  warnings.warn(
[2026-04-22T22:55:00] posted digest (1 items, 676 chars) — 9/15 today
[2026-04-22T22:55:00] extractor: [extractor] stored 0 edges from 9 items
/home/nate-agx/.local/lib/python3.10/site-packages/requests/__init__.py:113: RequestsDependencyWarning: urllib3 (2.6.3) or chardet (7.4.0.post2)/charset_normalizer (3.4.4) doesn't match a supported version!
  warnings.warn(
[2026-04-23T00:57:29] posted digest (1 items, 652 chars) — 1/15 today
[2026-04-23T00:57:29] extractor: [extractor] stored 0 edges from 11 items
/home/nate-agx/.local/lib/python3.10/site-packages/requests/__init__.py:113: RequestsDependencyWarning: urllib3 (2.6.3) or chardet (7.4.0.post2)/charset_normalizer (3.4.4) doesn't match a supported version!
  warnings.warn(
[2026-04-23T02:58:57] posted digest (3 items, 1329 chars) — 2/15 today
[2026-04-23T02:58:57] extractor: [extractor] stored 0 edges from 11 items
/home/nate-agx/.local/lib/python3.10/site-packages/requests/__init__.py:113: RequestsDependencyWarning: urllib3 (2.6.3) or chardet (7.4.0.post2)/charset_normalizer (3.4.4) doesn't match a supported version!
  warnings.warn(
[2026-04-23T05:00:10] posted digest (1 items, 673 chars) — 3/15 today
[2026-04-23T05:00:10] extractor: [extractor] stored 0 edges from 11 items
/home/nate-agx/.local/lib/python3.10/site-packages/requests/__init__.py:113: RequestsDependencyWarning: urllib3 (2.6.3) or chardet (7.4.0.post2)/charset_normalizer (3.4.4) doesn't match a supported version!
  warnings.warn(
[2026-04-23T07:02:40] posted digest (1 items, 533 chars) — 4/15 today
[2026-04-23T07:02:41] extractor: [extractor] stored 0 edges from 11 items
/home/nate-agx/.local/lib/python3.10/site-packages/requests/__init__.py:113: RequestsDependencyWarning: urllib3 (2.6.3) or chardet (7.4.0.post2)/charset_normalizer (3.4.4) doesn't match a supported version!
  warnings.warn(
[2026-04-23T09:04:41] posted digest (3 items, 1470 chars) — 5/15 today
[2026-04-23T09:04:41] extractor: [extractor] stored 0 edges from 14 items
/home/nate-agx/.local/lib/python3.10/site-packages/requests/__init__.py:113: RequestsDependencyWarning: urllib3 (2.6.3) or chardet (7.4.0.post2)/charset_normalizer (3.4.4) doesn't match a supported version!
  warnings.warn(
[2026-04-23T11:05:51] posted digest (1 items, 920 chars) — 6/15 today
[2026-04-23T11:05:51] extractor: [extractor] stored 0 edges from 15 items
/home/nate-agx/.local/lib/python3.10/site-packages/requests/__init__.py:113: RequestsDependencyWarning: urllib3 (2.6.3) or chardet (7.4.0.post2)/charset_normalizer (3.4.4) doesn't match a supported version!
  warnings.warn(
[2026-04-23T13:07:27] posted digest (3 items, 1321 chars) — 7/15 today
[2026-04-23T13:07:27] extractor: [extractor] stored 3 edges from 15 items
/home/nate-agx/.local/lib/python3.10/site-packages/requests/__init__.py:113: RequestsDependencyWarning: urllib3 (2.6.3) or chardet (7.4.0.post2)/charset_normalizer (3.4.4) doesn't match a supported version!
  warnings.warn(
[2026-04-23T15:09:45] no fresh cross-chain items (13 scanned, 13 cross-tagged)
/home/nate-agx/.local/lib/python3.10/site-packages/requests/__init__.py:113: RequestsDependencyWarning: urllib3 (2.6.3) or chardet (7.4.0.post2)/charset_normalizer (3.4.4) doesn't match a supported version!
  warnings.warn(
[2026-04-23T17:11:49] posted digest (1 items, 519 chars) — 8/15 today
[2026-04-23T17:11:49] extractor: [extractor] stored 3 edges from 13 items
/home/nate-agx/.local/lib/python3.10/site-packages/requests/__init__.py:113: RequestsDependencyWarning: urllib3 (2.6.3) or chardet (7.4.0.post2)/charset_normalizer (3.4.4) doesn't match a supported version!
  warnings.warn(
[2026-04-23T19:13:00] no fresh cross-chain items (10 scanned, 10 cross-tagged)
/home/nate-agx/.local/lib/python3.10/site-packages/requests/__init__.py:113: RequestsDependencyWarning: urllib3 (2.6.3) or chardet (7.4.0.post2)/charset_normalizer (3.4.4) doesn't match a supported version!
  warnings.warn(
[2026-04-23T21:14:35] posted digest (1 items, 605 chars) — 9/15 today
[2026-04-23T21:14:35] extractor: [extractor] stored 4 edges from 11 items
/home/nate-agx/.local/lib/python3.10/site-packages/requests/__init__.py:113: RequestsDependencyWarning: urllib3 (2.6.3) or chardet (7.4.0.post2)/charset_normalizer (3.4.4) doesn't match a supported version!
  warnings.warn(
[2026-04-23T23:17:10] no fresh cross-chain items (8 scanned, 8 cross-tagged)
/home/nate-agx/.local/lib/python3.10/site-packages/requests/__init__.py:113: RequestsDependencyWarning: urllib3 (2.6.3) or chardet (7.4.0.post2)/charset_normalizer (3.4.4) doesn't match a supported version!
  warnings.warn(
[2026-04-24T01:17:20] posted digest (1 items, 648 chars) — 1/15 today
[2026-04-24T01:17:20] extractor: [extractor] stored 0 edges from 8 items
/home/nate-agx/.local/lib/python3.10/site-packages/requests/__init__.py:113: RequestsDependencyWarning: urllib3 (2.6.3) or chardet (7.4.0.post2)/charset_normalizer (3.4.4) doesn't match a supported version!
  warnings.warn(
[2026-04-24T03:19:35] no fresh cross-chain items (8 scanned, 8 cross-tagged)
/home/nate-agx/.local/lib/python3.10/site-packages/requests/__init__.py:113: RequestsDependencyWarning: urllib3 (2.6.3) or chardet (7.4.0.post2)/charset_normalizer (3.4.4) doesn't match a supported version!
  warnings.warn(
[2026-04-24T05:22:10] no fresh cross-chain items (8 scanned, 8 cross-tagged)
/home/nate-agx/.local/lib/python3.10/site-packages/requests/__init__.py:113: RequestsDependencyWarning: urllib3 (2.6.3) or chardet (7.4.0.post2)/charset_normalizer (3.4.4) doesn't match a supported version!
  warnings.warn(
[2026-04-24T07:23:20] posted digest (1 items, 744 chars) — 2/15 today
[2026-04-24T07:23:20] extractor: [extractor] stored 0 edges from 9 items
/home/nate-agx/.local/lib/python3.10/site-packages/requests/__init__.py:113: RequestsDependencyWarning: urllib3 (2.6.3) or chardet (7.4.0.post2)/charset_normalizer (3.4.4) doesn't match a supported version!
  warnings.warn(
[2026-04-24T09:24:06] no fresh cross-chain items (8 scanned, 8 cross-tagged)
/home/nate-agx/.local/lib/python3.10/site-packages/requests/__init__.py:113: RequestsDependencyWarning: urllib3 (2.6.3) or chardet (7.4.0.post2)/charset_normalizer (3.4.4) doesn't match a supported version!
  warnings.warn(
[2026-04-24T11:25:17] posted digest (1 items, 530 chars) — 3/15 today
[2026-04-24T11:25:17] extractor: [extractor] stored 0 edges from 7 items
/home/nate-agx/.local/lib/python3.10/site-packages/requests/__init__.py:113: RequestsDependencyWarning: urllib3 (2.6.3) or chardet (7.4.0.post2)/charset_normalizer (3.4.4) doesn't match a supported version!
  warnings.warn(
[2026-04-24T13:27:11] posted digest (1 items, 450 chars) — 4/15 today
[2026-04-24T13:27:11] extractor: [extractor] stored 0 edges from 7 items
/home/nate-agx/.local/lib/python3.10/site-packages/requests/__init__.py:113: RequestsDependencyWarning: urllib3 (2.6.3) or chardet (7.4.0.post2)/charset_normalizer (3.4.4) doesn't match a supported version!
  warnings.warn(
[2026-04-24T15:28:10] no fresh cross-chain items (7 scanned, 7 cross-tagged)
/home/nate-agx/.local/lib/python3.10/site-packages/requests/__init__.py:113: RequestsDependencyWarning: urllib3 (2.6.3) or chardet (7.4.0.post2)/charset_normalizer (3.4.4) doesn't match a supported version!
  warnings.warn(
[2026-04-24T17:30:49] no fresh cross-chain items (7 scanned, 7 cross-tagged)
/home/nate-agx/.local/lib/python3.10/site-packages/requests/__init__.py:113: RequestsDependencyWarning: urllib3 (2.6.3) or chardet (7.4.0.post2)/charset_normalizer (3.4.4) doesn't match a supported version!
  warnings.warn(
[2026-04-24T19:32:50] no fresh cross-chain items (7 scanned, 7 cross-tagged)
/home/nate-agx/.local/lib/python3.10/site-packages/requests/__init__.py:113: RequestsDependencyWarning: urllib3 (2.6.3) or chardet (7.4.0.post2)/charset_normalizer (3.4.4) doesn't match a supported version!
  warnings.warn(
[2026-04-24T21:34:40] no fresh cross-chain items (7 scanned, 7 cross-tagged)
/home/nate-agx/.local/lib/python3.10/site-packages/requests/__init__.py:113: RequestsDependencyWarning: urllib3 (2.6.3) or chardet (7.4.0.post2)/charset_normalizer (3.4.4) doesn't match a supported version!
  warnings.warn(
[2026-04-24T23:36:55] no fresh cross-chain items (7 scanned, 7 cross-tagged)
/home/nate-agx/.local/lib/python3.10/site-packages/requests/__init__.py:113: RequestsDependencyWarning: urllib3 (2.6.3) or chardet (7.4.0.post2)/charset_normalizer (3.4.4) doesn't match a supported version!
  warnings.warn(
[2026-04-25T01:39:46] posted digest (1 items, 540 chars) — 1/15 today
[2026-04-25T01:39:46] extractor: [extractor] stored 0 edges from 8 items
/home/nate-agx/.local/lib/python3.10/site-packages/requests/__init__.py:113: RequestsDependencyWarning: urllib3 (2.6.3) or chardet (7.4.0.post2)/charset_normalizer (3.4.4) doesn't match a supported version!
  warnings.warn(
[2026-04-25T03:42:10] no fresh cross-chain items (8 scanned, 8 cross-tagged)
/home/nate-agx/.local/lib/python3.10/site-packages/requests/__init__.py:113: RequestsDependencyWarning: urllib3 (2.6.3) or chardet (7.4.0.post2)/charset_normalizer (3.4.4) doesn't match a supported version!
  warnings.warn(
[2026-04-25T05:44:30] posted digest (1 items, 530 chars) — 2/15 today
[2026-04-25T05:44:30] extractor: [extractor] stored 0 edges from 8 items
/home/nate-agx/.local/lib/python3.10/site-packages/requests/__init__.py:113: RequestsDependencyWarning: urllib3 (2.6.3) or chardet (7.4.0.post2)/charset_normalizer (3.4.4) doesn't match a supported version!
  warnings.warn(
[2026-04-25T07:44:56] no fresh cross-chain items (8 scanned, 8 cross-tagged)
/home/nate-agx/.local/lib/python3.10/site-packages/requests/__init__.py:113: RequestsDependencyWarning: urllib3 (2.6.3) or chardet (7.4.0.post2)/charset_normalizer (3.4.4) doesn't match a supported version!
  warnings.warn(
[2026-04-25T09:46:35] posted digest (1 items, 440 chars) — 3/15 today
[2026-04-25T09:46:35] extractor: [extractor] stored 0 edges from 7 items
/home/nate-agx/.local/lib/python3.10/site-packages/requests/__init__.py:113: RequestsDependencyWarning: urllib3 (2.6.3) or chardet (7.4.0.post2)/charset_normalizer (3.4.4) doesn't match a supported version!
  warnings.warn(
[2026-04-25T11:47:10] no fresh cross-chain items (7 scanned, 7 cross-tagged)
/home/nate-agx/.local/lib/python3.10/site-packages/requests/__init__.py:113: RequestsDependencyWarning: urllib3 (2.6.3) or chardet (7.4.0.post2)/charset_normalizer (3.4.4) doesn't match a supported version!
  warnings.warn(
[2026-04-25T13:48:29] no fresh cross-chain items (7 scanned, 7 cross-tagged)
/home/nate-agx/.local/lib/python3.10/site-packages/requests/__init__.py:113: RequestsDependencyWarning: urllib3 (2.6.3) or chardet (7.4.0.post2)/charset_normalizer (3.4.4) doesn't match a supported version!
  warnings.warn(
[2026-04-25T15:51:11] posted digest (1 items, 426 chars) — 4/15 today
[2026-04-25T15:51:11] extractor: [extractor] stored 0 edges from 7 items
/home/nate-agx/.local/lib/python3.10/site-packages/requests/__init__.py:113: RequestsDependencyWarning: urllib3 (2.6.3) or chardet (7.4.0.post2)/charset_normalizer (3.4.4) doesn't match a supported version!
  warnings.warn(
[2026-04-25T17:52:00] no fresh cross-chain items (7 scanned, 7 cross-tagged)
/home/nate-agx/.local/lib/python3.10/site-packages/requests/__init__.py:113: RequestsDependencyWarning: urllib3 (2.6.3) or chardet (7.4.0.post2)/charset_normalizer (3.4.4) doesn't match a supported version!
  warnings.warn(
[2026-04-25T19:52:50] no fresh cross-chain items (7 scanned, 7 cross-tagged)
/home/nate-agx/.local/lib/python3.10/site-packages/requests/__init__.py:113: RequestsDependencyWarning: urllib3 (2.6.3) or chardet (7.4.0.post2)/charset_normalizer (3.4.4) doesn't match a supported version!
  warnings.warn(
[2026-04-25T21:55:50] no fresh cross-chain items (7 scanned, 7 cross-tagged)
/home/nate-agx/.local/lib/python3.10/site-packages/requests/__init__.py:113: RequestsDependencyWarning: urllib3 (2.6.3) or chardet (7.4.0.post2)/charset_normalizer (3.4.4) doesn't match a supported version!
  warnings.warn(
[2026-04-25T23:57:50] no fresh cross-chain items (7 scanned, 7 cross-tagged)
/home/nate-agx/.local/lib/python3.10/site-packages/requests/__init__.py:113: RequestsDependencyWarning: urllib3 (2.6.3) or chardet (7.4.0.post2)/charset_normalizer (3.4.4) doesn't match a supported version!
  warnings.warn(
[2026-04-26T01:58:29] no fresh cross-chain items (7 scanned, 7 cross-tagged)
/home/nate-agx/.local/lib/python3.10/site-packages/requests/__init__.py:113: RequestsDependencyWarning: urllib3 (2.6.3) or chardet (7.4.0.post2)/charset_normalizer (3.4.4) doesn't match a supported version!
  warnings.warn(
[2026-04-26T04:01:03] posted digest (1 items, 593 chars) — 1/15 today
[2026-04-26T04:01:03] extractor: [extractor] stored 0 edges from 8 items
/home/nate-agx/.local/lib/python3.10/site-packages/requests/__init__.py:113: RequestsDependencyWarning: urllib3 (2.6.3) or chardet (7.4.0.post2)/charset_normalizer (3.4.4) doesn't match a supported version!
  warnings.warn(
[2026-04-26T06:03:48] no fresh cross-chain items (8 scanned, 8 cross-tagged)
/home/nate-agx/.local/lib/python3.10/site-packages/requests/__init__.py:113: RequestsDependencyWarning: urllib3 (2.6.3) or chardet (7.4.0.post2)/charset_normalizer (3.4.4) doesn't match a supported version!
  warnings.warn(
[2026-04-26T08:06:51] posted digest (1 items, 772 chars) — 2/15 today
[2026-04-26T08:06:51] extractor: [extractor] stored 0 edges from 9 items
/home/nate-agx/.local/lib/python3.10/site-packages/requests/__init__.py:113: RequestsDependencyWarning: urllib3 (2.6.3) or chardet (7.4.0.post2)/charset_normalizer (3.4.4) doesn't match a supported version!
  warnings.warn(
[2026-04-26T10:08:09] no fresh cross-chain items (9 scanned, 9 cross-tagged)
/home/nate-agx/.local/lib/python3.10/site-packages/requests/__init__.py:113: RequestsDependencyWarning: urllib3 (2.6.3) or chardet (7.4.0.post2)/charset_normalizer (3.4.4) doesn't match a supported version!
  warnings.warn(
[2026-04-26T12:09:50] posted digest (2 items, 1079 chars) — 3/15 today
[2026-04-26T12:09:50] extractor: [extractor] stored 0 edges from 10 items
/home/nate-agx/.local/lib/python3.10/site-packages/requests/__init__.py:113: RequestsDependencyWarning: urllib3 (2.6.3) or chardet (7.4.0.post2)/charset_normalizer (3.4.4) doesn't match a supported version!
  warnings.warn(
[2026-04-26T14:10:01] no fresh cross-chain items (9 scanned, 9 cross-tagged)
/home/nate-agx/.local/lib/python3.10/site-packages/requests/__init__.py:113: RequestsDependencyWarning: urllib3 (2.6.3) or chardet (7.4.0.post2)/charset_normalizer (3.4.4) doesn't match a supported version!
  warnings.warn(
[2026-04-26T16:10:30] no fresh cross-chain items (9 scanned, 9 cross-tagged)
/home/nate-agx/.local/lib/python3.10/site-packages/requests/__init__.py:113: RequestsDependencyWarning: urllib3 (2.6.3) or chardet (7.4.0.post2)/charset_normalizer (3.4.4) doesn't match a supported version!
  warnings.warn(
[2026-04-26T18:11:21] posted digest (1 items, 539 chars) — 4/15 today
[2026-04-26T18:11:21] extractor: [extractor] stored 0 edges from 9 items
/home/nate-agx/.local/lib/python3.10/site-packages/requests/__init__.py:113: RequestsDependencyWarning: urllib3 (2.6.3) or chardet (7.4.0.post2)/charset_normalizer (3.4.4) doesn't match a supported version!
  warnings.warn(
[2026-04-26T20:13:46] posted digest (2 items, 1062 chars) — 5/15 today
[2026-04-26T20:13:46] extractor: [extractor] stored 1 edges from 11 items
/home/nate-agx/.local/lib/python3.10/site-packages/requests/__init__.py:113: RequestsDependencyWarning: urllib3 (2.6.3) or chardet (7.4.0.post2)/charset_normalizer (3.4.4) doesn't match a supported version!
  warnings.warn(
[2026-04-26T22:15:10] no fresh cross-chain items (11 scanned, 11 cross-tagged)
/home/nate-agx/.local/lib/python3.10/site-packages/requests/__init__.py:113: RequestsDependencyWarning: urllib3 (2.6.3) or chardet (7.4.0.post2)/charset_normalizer (3.4.4) doesn't match a supported version!
  warnings.warn(
[2026-04-27T00:18:01] posted digest (2 items, 1122 chars) — 1/15 today
[2026-04-27T00:18:01] extractor: [extractor] stored 1 edges from 12 items
/home/nate-agx/.local/lib/python3.10/site-packages/requests/__init__.py:113: RequestsDependencyWarning: urllib3 (2.6.3) or chardet (7.4.0.post2)/charset_normalizer (3.4.4) doesn't match a supported version!
  warnings.warn(
[2026-04-27T02:20:06] posted digest (3 items, 1600 chars) — 2/15 today
[2026-04-27T02:20:06] extractor: [extractor] stored 4 edges from 14 items
/home/nate-agx/.local/lib/python3.10/site-packages/requests/__init__.py:113: RequestsDependencyWarning: urllib3 (2.6.3) or chardet (7.4.0.post2)/charset_normalizer (3.4.4) doesn't match a supported version!
  warnings.warn(
[2026-04-27T04:21:40] posted digest (5 items, 1894 chars) — 3/15 today
[2026-04-27T04:21:40] extractor: [extractor] stored 5 edges from 16 items
/home/nate-agx/.local/lib/python3.10/site-packages/requests/__init__.py:113: RequestsDependencyWarning: urllib3 (2.6.3) or chardet (7.4.0.post2)/charset_normalizer (3.4.4) doesn't match a supported version!
  warnings.warn(
[2026-04-27T06:24:11] posted digest (2 items, 1149 chars) — 4/15 today
[2026-04-27T06:24:11] extractor: [extractor] stored 5 edges from 16 items
/home/nate-agx/.local/lib/python3.10/site-packages/requests/__init__.py:113: RequestsDependencyWarning: urllib3 (2.6.3) or chardet (7.4.0.post2)/charset_normalizer (3.4.4) doesn't match a supported version!
  warnings.warn(
[2026-04-27T08:24:31] posted digest (2 items, 1320 chars) — 5/15 today
[2026-04-27T08:24:31] extractor: [extractor] stored 5 edges from 17 items
/home/nate-agx/.local/lib/python3.10/site-packages/requests/__init__.py:113: RequestsDependencyWarning: urllib3 (2.6.3) or chardet (7.4.0.post2)/charset_normalizer (3.4.4) doesn't match a supported version!
  warnings.warn(
[2026-04-27T10:27:11] posted digest (1 items, 724 chars) — 6/15 today
[2026-04-27T10:27:11] extractor: [extractor] stored 6 edges from 17 items
/home/nate-agx/.local/lib/python3.10/site-packages/requests/__init__.py:113: RequestsDependencyWarning: urllib3 (2.6.3) or chardet (7.4.0.post2)/charset_normalizer (3.4.4) doesn't match a supported version!
  warnings.warn(
[2026-04-27T12:29:11] no fresh cross-chain items (14 scanned, 14 cross-tagged)
/home/nate-agx/.local/lib/python3.10/site-packages/requests/__init__.py:113: RequestsDependencyWarning: urllib3 (2.6.3) or chardet (7.4.0.post2)/charset_normalizer (3.4.4) doesn't match a supported version!
  warnings.warn(
[2026-04-27T14:29:34] posted digest (1 items, 693 chars) — 7/15 today
[2026-04-27T14:29:34] extractor: [extractor] stored 5 edges from 14 items
/home/nate-agx/.local/lib/python3.10/site-packages/requests/__init__.py:113: RequestsDependencyWarning: urllib3 (2.6.3) or chardet (7.4.0.post2)/charset_normalizer (3.4.4) doesn't match a supported version!
  warnings.warn(
[2026-04-27T16:30:36] posted digest (3 items, 1688 chars) — 8/15 today
[2026-04-27T16:30:36] extractor: [extractor] stored 4 edges from 14 items
/home/nate-agx/.local/lib/python3.10/site-packages/requests/__init__.py:113: RequestsDependencyWarning: urllib3 (2.6.3) or chardet (7.4.0.post2)/charset_normalizer (3.4.4) doesn't match a supported version!
  warnings.warn(
[2026-04-27T18:33:06] posted digest (4 items, 1798 chars) — 9/15 today
[2026-04-27T18:33:06] extractor: [extractor] stored 3 edges from 15 items
/home/nate-agx/.local/lib/python3.10/site-packages/requests/__init__.py:113: RequestsDependencyWarning: urllib3 (2.6.3) or chardet (7.4.0.post2)/charset_normalizer (3.4.4) doesn't match a supported version!
  warnings.warn(
[2026-04-27T20:36:07] posted digest (2 items, 1029 chars) — 10/15 today
[2026-04-27T20:36:07] extractor: [extractor] stored 2 edges from 15 items
/home/nate-agx/.local/lib/python3.10/site-packages/requests/__init__.py:113: RequestsDependencyWarning: urllib3 (2.6.3) or chardet (7.4.0.post2)/charset_normalizer (3.4.4) doesn't match a supported version!
  warnings.warn(
[2026-04-27T22:36:31] posted digest (1 items, 463 chars) — 11/15 today
[2026-04-27T22:36:31] extractor: [extractor] stored 4 edges from 15 items
/home/nate-agx/.local/lib/python3.10/site-packages/requests/__init__.py:113: RequestsDependencyWarning: urllib3 (2.6.3) or chardet (7.4.0.post2)/charset_normalizer (3.4.4) doesn't match a supported version!
  warnings.warn(
[2026-04-28T00:38:24] posted digest (1 items, 854 chars) — 1/15 today
[2026-04-28T00:38:24] extractor: [extractor] stored 2 edges from 13 items
/home/nate-agx/.local/lib/python3.10/site-packages/requests/__init__.py:113: RequestsDependencyWarning: urllib3 (2.6.3) or chardet (7.4.0.post2)/charset_normalizer (3.4.4) doesn't match a supported version!
  warnings.warn(
[2026-04-28T02:41:25] posted digest (1 items, 562 chars) — 2/15 today
[2026-04-28T02:41:25] extractor: [extractor] stored 3 edges from 11 items
/home/nate-agx/.local/lib/python3.10/site-packages/requests/__init__.py:113: RequestsDependencyWarning: urllib3 (2.6.3) or chardet (7.4.0.post2)/charset_normalizer (3.4.4) doesn't match a supported version!
  warnings.warn(
[2026-04-28T04:43:11] posted digest (2 items, 1116 chars) — 3/15 today
[2026-04-28T04:43:11] extractor: [extractor] stored 3 edges from 11 items
/home/nate-agx/.local/lib/python3.10/site-packages/requests/__init__.py:113: RequestsDependencyWarning: urllib3 (2.6.3) or chardet (7.4.0.post2)/charset_normalizer (3.4.4) doesn't match a supported version!
  warnings.warn(
[2026-04-28T06:44:40] posted digest (4 items, 1730 chars) — 4/15 today
[2026-04-28T06:44:40] extractor: [extractor] stored 3 edges from 13 items
/home/nate-agx/.local/lib/python3.10/site-packages/requests/__init__.py:113: RequestsDependencyWarning: urllib3 (2.6.3) or chardet (7.4.0.post2)/charset_normalizer (3.4.4) doesn't match a supported version!
  warnings.warn(
[2026-04-28T08:45:21] posted digest (1 items, 599 chars) — 5/15 today
[2026-04-28T08:45:21] extractor: [extractor] stored 2 edges from 13 items
/home/nate-agx/.local/lib/python3.10/site-packages/requests/__init__.py:113: RequestsDependencyWarning: urllib3 (2.6.3) or chardet (7.4.0.post2)/charset_normalizer (3.4.4) doesn't match a supported version!
  warnings.warn(
[2026-04-28T10:48:10] posted digest (1 items, 501 chars) — 6/15 today
[2026-04-28T10:48:10] extractor: [extractor] stored 0 edges from 13 items
/home/nate-agx/.local/lib/python3.10/site-packages/requests/__init__.py:113: RequestsDependencyWarning: urllib3 (2.6.3) or chardet (7.4.0.post2)/charset_normalizer (3.4.4) doesn't match a supported version!
  warnings.warn(
[2026-04-28T12:50:51] posted digest (1 items, 511 chars) — 7/15 today
[2026-04-28T12:50:51] extractor: [extractor] stored 0 edges from 12 items
/home/nate-agx/.local/lib/python3.10/site-packages/requests/__init__.py:113: RequestsDependencyWarning: urllib3 (2.6.3) or chardet (7.4.0.post2)/charset_normalizer (3.4.4) doesn't match a supported version!
  warnings.warn(
[2026-04-28T14:53:10] posted digest (2 items, 848 chars) — 8/15 today
[2026-04-28T14:53:10] extractor: [extractor] stored 0 edges from 13 items
/home/nate-agx/.local/lib/python3.10/site-packages/requests/__init__.py:113: RequestsDependencyWarning: urllib3 (2.6.3) or chardet (7.4.0.post2)/charset_normalizer (3.4.4) doesn't match a supported version!
  warnings.warn(
[2026-04-28T16:53:45] no fresh cross-chain items (11 scanned, 11 cross-tagged)
/home/nate-agx/.local/lib/python3.10/site-packages/requests/__init__.py:113: RequestsDependencyWarning: urllib3 (2.6.3) or chardet (7.4.0.post2)/charset_normalizer (3.4.4) doesn't match a supported version!
  warnings.warn(
[2026-04-28T18:56:11] posted digest (1 items, 675 chars) — 9/15 today
[2026-04-28T18:56:11] extractor: [extractor] stored 0 edges from 11 items
/home/nate-agx/.local/lib/python3.10/site-packages/requests/__init__.py:113: RequestsDependencyWarning: urllib3 (2.6.3) or chardet (7.4.0.post2)/charset_normalizer (3.4.4) doesn't match a supported version!
  warnings.warn(
[2026-04-28T20:58:10] no fresh cross-chain items (10 scanned, 10 cross-tagged)
/home/nate-agx/.local/lib/python3.10/site-packages/requests/__init__.py:113: RequestsDependencyWarning: urllib3 (2.6.3) or chardet (7.4.0.post2)/charset_normalizer (3.4.4) doesn't match a supported version!
  warnings.warn(
[2026-04-28T23:00:01] no fresh cross-chain items (8 scanned, 8 cross-tagged)
/home/nate-agx/.local/lib/python3.10/site-packages/requests/__init__.py:113: RequestsDependencyWarning: urllib3 (2.6.3) or chardet (7.4.0.post2)/charset_normalizer (3.4.4) doesn't match a supported version!
  warnings.warn(
[2026-04-29T01:02:52] posted digest (2 items, 881 chars) — 1/15 today
[2026-04-29T01:02:52] extractor: [extractor] stored 0 edges from 8 items
/home/nate-agx/.local/lib/python3.10/site-packages/requests/__init__.py:113: RequestsDependencyWarning: urllib3 (2.6.3) or chardet (7.4.0.post2)/charset_normalizer (3.4.4) doesn't match a supported version!
  warnings.warn(
[2026-04-29T03:03:50] posted digest (1 items, 510 chars) — 2/15 today
[2026-04-29T03:03:51] extractor: [extractor] stored 0 edges from 9 items
/home/nate-agx/.local/lib/python3.10/site-packages/requests/__init__.py:113: RequestsDependencyWarning: urllib3 (2.6.3) or chardet (7.4.0.post2)/charset_normalizer (3.4.4) doesn't match a supported version!
  warnings.warn(
[2026-04-29T05:05:40] posted digest (2 items, 1544 chars) — 3/15 today
[2026-04-29T05:05:41] extractor: [extractor] stored 0 edges from 9 items
/home/nate-agx/.local/lib/python3.10/site-packages/requests/__init__.py:113: RequestsDependencyWarning: urllib3 (2.6.3) or chardet (7.4.0.post2)/charset_normalizer (3.4.4) doesn't match a supported version!
  warnings.warn(
[2026-04-29T07:07:37] posted digest (3 items, 1550 chars) — 4/15 today
[2026-04-29T07:07:38] extractor: [extractor] stored 0 edges from 10 items
/home/nate-agx/.local/lib/python3.10/site-packages/requests/__init__.py:113: RequestsDependencyWarning: urllib3 (2.6.3) or chardet (7.4.0.post2)/charset_normalizer (3.4.4) doesn't match a supported version!
  warnings.warn(
[2026-04-29T09:10:41] posted digest (3 items, 1590 chars) — 5/15 today
[2026-04-29T09:10:41] extractor: [extractor] stored 0 edges from 12 items
/home/nate-agx/.local/lib/python3.10/site-packages/requests/__init__.py:113: RequestsDependencyWarning: urllib3 (2.6.3) or chardet (7.4.0.post2)/charset_normalizer (3.4.4) doesn't match a supported version!
  warnings.warn(
[2026-04-29T11:12:59] no fresh cross-chain items (11 scanned, 11 cross-tagged)
/home/nate-agx/.local/lib/python3.10/site-packages/requests/__init__.py:113: RequestsDependencyWarning: urllib3 (2.6.3) or chardet (7.4.0.post2)/charset_normalizer (3.4.4) doesn't match a supported version!
  warnings.warn(
[2026-04-29T13:15:09] no fresh cross-chain items (10 scanned, 10 cross-tagged)
/home/nate-agx/.local/lib/python3.10/site-packages/requests/__init__.py:113: RequestsDependencyWarning: urllib3 (2.6.3) or chardet (7.4.0.post2)/charset_normalizer (3.4.4) doesn't match a supported version!
  warnings.warn(
[2026-04-29T15:15:45] no fresh cross-chain items (11 scanned, 11 cross-tagged)
/home/nate-agx/.local/lib/python3.10/site-packages/requests/__init__.py:113: RequestsDependencyWarning: urllib3 (2.6.3) or chardet (7.4.0.post2)/charset_normalizer (3.4.4) doesn't match a supported version!
  warnings.warn(
[2026-04-29T17:18:50] no fresh cross-chain items (9 scanned, 9 cross-tagged)
/home/nate-agx/.local/lib/python3.10/site-packages/requests/__init__.py:113: RequestsDependencyWarning: urllib3 (2.6.3) or chardet (7.4.0.post2)/charset_normalizer (3.4.4) doesn't match a supported version!
  warnings.warn(
[2026-04-29T19:21:20] no fresh cross-chain items (7 scanned, 7 cross-tagged)
/home/nate-agx/.local/lib/python3.10/site-packages/requests/__init__.py:113: RequestsDependencyWarning: urllib3 (2.6.3) or chardet (7.4.0.post2)/charset_normalizer (3.4.4) doesn't match a supported version!
  warnings.warn(
[2026-04-29T21:21:30] no fresh cross-chain items (7 scanned, 7 cross-tagged)
/home/nate-agx/.local/lib/python3.10/site-packages/requests/__init__.py:113: RequestsDependencyWarning: urllib3 (2.6.3) or chardet (7.4.0.post2)/charset_normalizer (3.4.4) doesn't match a supported version!
  warnings.warn(
[2026-04-29T23:24:31] posted digest (2 items, 1307 chars) — 6/15 today
[2026-04-29T23:24:31] extractor: [extractor] stored 2 edges from 9 items
/home/nate-agx/.local/lib/python3.10/site-packages/requests/__init__.py:113: RequestsDependencyWarning: urllib3 (2.6.3) or chardet (7.4.0.post2)/charset_normalizer (3.4.4) doesn't match a supported version!
  warnings.warn(
[2026-04-30T01:26:10] posted digest (2 items, 1288 chars) — 1/15 today
[2026-04-30T01:26:10] extractor: [extractor] stored 2 edges from 11 items
/home/nate-agx/.local/lib/python3.10/site-packages/requests/__init__.py:113: RequestsDependencyWarning: urllib3 (2.6.3) or chardet (7.4.0.post2)/charset_normalizer (3.4.4) doesn't match a supported version!
  warnings.warn(
[2026-04-30T03:27:51] posted digest (3 items, 1464 chars) — 2/15 today
[2026-04-30T03:27:51] extractor: [extractor] stored 2 edges from 13 items
/home/nate-agx/.local/lib/python3.10/site-packages/requests/__init__.py:113: RequestsDependencyWarning: urllib3 (2.6.3) or chardet (7.4.0.post2)/charset_normalizer (3.4.4) doesn't match a supported version!
  warnings.warn(
[2026-04-30T05:29:01] posted digest (5 items, 1894 chars) — 3/15 today
[2026-04-30T05:29:01] extractor: [extractor] stored 2 edges from 13 items
/home/nate-agx/.local/lib/python3.10/site-packages/requests/__init__.py:113: RequestsDependencyWarning: urllib3 (2.6.3) or chardet (7.4.0.post2)/charset_normalizer (3.4.4) doesn't match a supported version!
  warnings.warn(
[2026-04-30T07:31:38] posted digest (2 items, 1177 chars) — 4/15 today
[2026-04-30T07:31:38] extractor: [extractor] stored 0 edges from 13 items
/home/nate-agx/.local/lib/python3.10/site-packages/requests/__init__.py:113: RequestsDependencyWarning: urllib3 (2.6.3) or chardet (7.4.0.post2)/charset_normalizer (3.4.4) doesn't match a supported version!
  warnings.warn(
[2026-04-30T09:34:11] posted digest (1 items, 565 chars) — 5/15 today
[2026-04-30T09:34:11] extractor: [extractor] stored 1 edges from 13 items
/home/nate-agx/.local/lib/python3.10/site-packages/requests/__init__.py:113: RequestsDependencyWarning: urllib3 (2.6.3) or chardet (7.4.0.post2)/charset_normalizer (3.4.4) doesn't match a supported version!
  warnings.warn(
[2026-04-30T11:34:41] posted digest (1 items, 589 chars) — 6/15 today
[2026-04-30T11:34:41] extractor: [extractor] stored 1 edges from 13 items
/home/nate-agx/.local/lib/python3.10/site-packages/requests/__init__.py:113: RequestsDependencyWarning: urllib3 (2.6.3) or chardet (7.4.0.post2)/charset_normalizer (3.4.4) doesn't match a supported version!
  warnings.warn(
[2026-04-30T13:37:11] posted digest (2 items, 1449 chars) — 7/15 today
[2026-04-30T13:37:11] extractor: [extractor] stored 4 edges from 14 items
/home/nate-agx/.local/lib/python3.10/site-packages/requests/__init__.py:113: RequestsDependencyWarning: urllib3 (2.6.3) or chardet (7.4.0.post2)/charset_normalizer (3.4.4) doesn't match a supported version!
  warnings.warn(
[2026-04-30T15:40:11] posted digest (1 items, 579 chars) — 8/15 today
[2026-04-30T15:40:11] extractor: [extractor] stored 4 edges from 14 items
/home/nate-agx/.local/lib/python3.10/site-packages/requests/__init__.py:113: RequestsDependencyWarning: urllib3 (2.6.3) or chardet (7.4.0.post2)/charset_normalizer (3.4.4) doesn't match a supported version!
  warnings.warn(
[2026-04-30T17:40:41] posted digest (1 items, 492 chars) — 9/15 today
[2026-04-30T17:40:41] extractor: [extractor] stored 1 edges from 13 items
/home/nate-agx/.local/lib/python3.10/site-packages/requests/__init__.py:113: RequestsDependencyWarning: urllib3 (2.6.3) or chardet (7.4.0.post2)/charset_normalizer (3.4.4) doesn't match a supported version!
  warnings.warn(
[2026-04-30T19:41:11] posted digest (2 items, 1196 chars) — 10/15 today
[2026-04-30T19:41:11] extractor: [extractor] stored 1 edges from 11 items
/home/nate-agx/.local/lib/python3.10/site-packages/requests/__init__.py:113: RequestsDependencyWarning: urllib3 (2.6.3) or chardet (7.4.0.post2)/charset_normalizer (3.4.4) doesn't match a supported version!
  warnings.warn(
[2026-04-30T21:43:10] no fresh cross-chain items (10 scanned, 10 cross-tagged)
/home/nate-agx/.local/lib/python3.10/site-packages/requests/__init__.py:113: RequestsDependencyWarning: urllib3 (2.6.3) or chardet (7.4.0.post2)/charset_normalizer (3.4.4) doesn't match a supported version!
  warnings.warn(
[2026-04-30T23:44:50] no fresh cross-chain items (10 scanned, 10 cross-tagged)
/home/nate-agx/.local/lib/python3.10/site-packages/requests/__init__.py:113: RequestsDependencyWarning: urllib3 (2.6.3) or chardet (7.4.0.post2)/charset_normalizer (3.4.4) doesn't match a supported version!
  warnings.warn(
[2026-05-01T01:46:11] posted digest (2 items, 1376 chars) — 1/15 today
[2026-05-01T01:46:11] extractor: [extractor] stored 1 edges from 11 items
/home/nate-agx/.local/lib/python3.10/site-packages/requests/__init__.py:113: RequestsDependencyWarning: urllib3 (2.6.3) or chardet (7.4.0.post2)/charset_normalizer (3.4.4) doesn't match a supported version!
  warnings.warn(
[2026-05-01T03:47:00] posted digest (2 items, 1150 chars) — 2/15 today
[2026-05-01T03:47:01] extractor: [extractor] stored 1 edges from 12 items
/home/nate-agx/.local/lib/python3.10/site-packages/requests/__init__.py:113: RequestsDependencyWarning: urllib3 (2.6.3) or chardet (7.4.0.post2)/charset_normalizer (3.4.4) doesn't match a supported version!
  warnings.warn(
[2026-05-01T05:47:40] no fresh cross-chain items (11 scanned, 11 cross-tagged)
/home/nate-agx/.local/lib/python3.10/site-packages/requests/__init__.py:113: RequestsDependencyWarning: urllib3 (2.6.3) or chardet (7.4.0.post2)/charset_normalizer (3.4.4) doesn't match a supported version!
  warnings.warn(
[2026-05-01T07:50:10] posted digest (2 items, 1070 chars) — 3/15 today
[2026-05-01T07:50:10] extractor: [extractor] stored 0 edges from 12 items
/home/nate-agx/.local/lib/python3.10/site-packages/requests/__init__.py:113: RequestsDependencyWarning: urllib3 (2.6.3) or chardet (7.4.0.post2)/charset_normalizer (3.4.4) doesn't match a supported version!
  warnings.warn(
[2026-05-01T09:52:36] posted digest (1 items, 604 chars) — 4/15 today
[2026-05-01T09:52:36] extractor: [extractor] stored 0 edges from 12 items
/home/nate-agx/.local/lib/python3.10/site-packages/requests/__init__.py:113: RequestsDependencyWarning: urllib3 (2.6.3) or chardet (7.4.0.post2)/charset_normalizer (3.4.4) doesn't match a supported version!
  warnings.warn(
[2026-05-01T11:54:30] no fresh cross-chain items (12 scanned, 12 cross-tagged)
