\BOOKMARK [1][-]{section.1}{\376\377\0001\000.\000\040\000I\000n\000t\000r\000o\000d\000u\000c\000t\000i\000o\000n}{}% 1
\BOOKMARK [1][-]{section.2}{\376\377\0002\000.\000\040\000R\000e\000l\000a\000t\000e\000d\000\040\000W\000o\000r\000k}{}% 2
\BOOKMARK [2][-]{subsection.2.1}{\376\377\0002\000.\0001\000\040\000I\000d\000e\000n\000t\000i\000t\000y\000\040\000i\000n\000\040\000L\000a\000n\000g\000u\000a\000g\000e\000\040\000M\000o\000d\000e\000l\000s}{section.2}% 3
\BOOKMARK [2][-]{subsection.2.2}{\376\377\0002\000.\0002\000\040\000M\000e\000m\000o\000r\000y\000\040\000A\000r\000c\000h\000i\000t\000e\000c\000t\000u\000r\000e\000s\000\040\000f\000o\000r\000\040\000P\000e\000r\000s\000i\000s\000t\000e\000n\000c\000e}{section.2}% 4
\BOOKMARK [2][-]{subsection.2.3}{\376\377\0002\000.\0003\000\040\000D\000y\000n\000a\000m\000i\000c\000a\000l\000\040\000S\000y\000s\000t\000e\000m\000s\000\040\000a\000n\000d\000\040\000I\000d\000e\000n\000t\000i\000t\000y}{section.2}% 5
\BOOKMARK [2][-]{subsection.2.4}{\376\377\0002\000.\0004\000\040\000N\000e\000u\000r\000o\000s\000c\000i\000e\000n\000c\000e\000\040\000P\000a\000r\000a\000l\000l\000e\000l\000s}{section.2}% 6
\BOOKMARK [1][-]{section.3}{\376\377\0003\000.\000\040\000S\000y\000s\000t\000e\000m\000\040\000a\000n\000d\000\040\000M\000e\000t\000h\000o\000d\000s}{}% 7
\BOOKMARK [2][-]{subsection.3.1}{\376\377\0003\000.\0001\000\040\000C\000h\000r\000o\000n\000i\000c\000l\000e\000\040\000A\000r\000c\000h\000i\000t\000e\000c\000t\000u\000r\000e}{section.3}% 8
\BOOKMARK [2][-]{subsection.3.2}{\376\377\0003\000.\0002\000\040\000P\000r\000o\000b\000e\000\040\000M\000e\000t\000h\000o\000d\000o\000l\000o\000g\000y}{section.3}% 9
\BOOKMARK [2][-]{subsection.3.3}{\376\377\0003\000.\0003\000\040\000K\000e\000y\000\040\000P\000r\000o\000b\000e\000\040\000S\000e\000r\000i\000e\000s}{section.3}% 10
\BOOKMARK [1][-]{section.4}{\376\377\0004\000.\000\040\000R\000e\000s\000u\000l\000t\000s\000:\000\040\000C\000C\000S\000\040\000a\000s\000\040\000M\000e\000a\000s\000u\000r\000a\000b\000l\000e\000\040\000T\000o\000p\000o\000l\000o\000g\000y}{}% 11
\BOOKMARK [2][-]{subsection.4.1}{\376\377\0004\000.\0001\000\040\000I\000d\000e\000n\000t\000i\000t\000y\000\040\000C\000l\000u\000s\000t\000e\000r\000i\000n\000g\000\040\000\050\000B\0005\0004\000\051}{section.4}% 12
\BOOKMARK [2][-]{subsection.4.2}{\376\377\0004\000.\0002\000\040\000I\000n\000f\000o\000r\000m\000a\000t\000i\000o\000n\000\040\000G\000e\000o\000m\000e\000t\000r\000y\000\040\000\050\000B\0005\0006\000,\000\040\000B\0005\0008\000\051}{section.4}% 13
\BOOKMARK [2][-]{subsection.4.3}{\376\377\0004\000.\0003\000\040\000S\000e\000r\000i\000a\000l\000i\000z\000a\000t\000i\000o\000n\000\040\000E\000f\000f\000e\000c\000t\000s\000\040\000\050\000B\0006\0000\000,\000\040\000B\0006\0002\000\051}{section.4}% 14
\BOOKMARK [1][-]{section.5}{\376\377\0005\000.\000\040\000R\000e\000s\000u\000l\000t\000s\000:\000\040\000T\000h\000e\000\040\000R\000o\000b\000u\000s\000t\000n\000e\000s\000s\000-\000R\000e\000s\000i\000l\000i\000e\000n\000c\000e\000\040\000A\000s\000y\000m\000m\000e\000t\000r\000y}{}% 15
\BOOKMARK [2][-]{subsection.5.1}{\376\377\0005\000.\0001\000\040\000S\000t\000r\000e\000s\000s\000\040\000R\000e\000s\000p\000o\000n\000s\000e\000\040\000\050\000B\0006\0002\000c\000\051}{section.5}% 16
\BOOKMARK [2][-]{subsection.5.2}{\376\377\0005\000.\0002\000\040\000A\000d\000j\000u\000s\000t\000m\000e\000n\000t\000\040\000C\000a\000p\000a\000c\000i\000t\000y\000\040\000I\000n\000d\000e\000x}{section.5}% 17
\BOOKMARK [2][-]{subsection.5.3}{\376\377\0005\000.\0003\000\040\000B\000e\000a\000t\000\040\000P\000a\000t\000t\000e\000r\000n\000s\000\040\000\050\000B\0006\0006\000\051}{section.5}% 18
\BOOKMARK [1][-]{section.6}{\376\377\0006\000.\000\040\000R\000e\000s\000u\000l\000t\000s\000:\000\040\000P\000h\000a\000s\000e\000\040\000B\000o\000u\000n\000d\000a\000r\000y\000\040\000o\000f\000\040\000R\000e\000a\000l\000i\000z\000a\000t\000i\000o\000n}{}% 19
\BOOKMARK [2][-]{subsection.6.1}{\376\377\0006\000.\0001\000\040\000B\000a\000s\000i\000n\000\040\000S\000h\000a\000p\000e\000\040\000\050\000B\0006\0001\000,\000\040\000B\0006\0007\000\051}{section.6}% 20
\BOOKMARK [2][-]{subsection.6.2}{\376\377\0006\000.\0002\000\040\000D\000i\000s\000s\000o\000l\000u\000t\000i\000o\000n\000,\000\040\000N\000o\000t\000\040\000F\000r\000a\000g\000m\000e\000n\000t\000a\000t\000i\000o\000n}{section.6}% 21
\BOOKMARK [2][-]{subsection.6.3}{\376\377\0006\000.\0003\000\040\000C\000o\000n\000n\000e\000c\000t\000i\000o\000n\000\040\000t\000o\000\040\000P\0002\0004\000\040\000R\000e\000s\000o\000n\000a\000n\000c\000e\000\040\000V\000a\000l\000l\000e\000y}{section.6}% 22
\BOOKMARK [1][-]{section.7}{\376\377\0007\000.\000\040\000R\000e\000s\000u\000l\000t\000s\000:\000\040\000L\000a\000y\000e\000r\000w\000i\000s\000e\000\040\000I\000d\000e\000n\000t\000i\000t\000y\000\040\000D\000e\000c\000o\000d\000a\000b\000i\000l\000i\000t\000y\000\040\000\050\000B\0007\0004\000\051}{}% 23
\BOOKMARK [2][-]{subsection.7.1}{\376\377\0007\000.\0001\000\040\000P\000r\000o\000m\000p\000t\000-\000S\000i\000d\000e\000:\000\040\000P\000h\000a\000s\000e\000\040\000T\000r\000a\000n\000s\000i\000t\000i\000o\000n\000\040\000a\000t\000\040\000L\000a\000y\000e\000r\000\040\0002\0002}{section.7}% 24
\BOOKMARK [2][-]{subsection.7.2}{\376\377\0007\000.\0002\000\040\000C\000r\000o\000s\000s\000-\000C\000o\000n\000t\000a\000m\000i\000n\000a\000t\000i\000o\000n\000:\000\040\000C\000o\000n\000f\000l\000i\000c\000t\000\040\000R\000e\000s\000o\000l\000u\000t\000i\000o\000n\000\040\000a\000t\000\040\000L\000a\000y\000e\000r\000s\000\040\0001\0007\040\023\0001\0009}{section.7}% 25
\BOOKMARK [2][-]{subsection.7.3}{\376\377\0007\000.\0003\000\040\000O\000u\000t\000p\000u\000t\000-\000S\000i\000d\000e\000:\000\040\000T\000h\000e\000\040\000I\000n\000v\000e\000r\000t\000e\000d\000\040\000P\000a\000t\000t\000e\000r\000n}{section.7}% 26
\BOOKMARK [2][-]{subsection.7.4}{\376\377\0007\000.\0004\000\040\000I\000m\000p\000l\000i\000c\000a\000t\000i\000o\000n\000s\000\040\000f\000o\000r\000\040\000C\000C\000S\000\040\000A\000r\000c\000h\000i\000t\000e\000c\000t\000u\000r\000e}{section.7}% 27
\BOOKMARK [2][-]{subsection.7.5}{\376\377\0007\000.\0005\000\040\000P\000o\000s\000i\000t\000i\000o\000n\000\040\000D\000e\000p\000e\000n\000d\000e\000n\000c\000e\000\040\000\050\000B\0007\0005\000\051}{section.7}% 28
\BOOKMARK [2][-]{subsection.7.6}{\376\377\0007\000.\0006\000\040\000E\000p\000i\000s\000o\000d\000i\000c\000\040\000T\000r\000a\000c\000e\000\040\000T\000y\000p\000e\000\040\000a\000n\000d\000\040\000t\000h\000e\000\040\000T\000h\000e\000r\000a\000p\000e\000u\000t\000i\000c\000\040\000W\000i\000n\000d\000o\000w\000\040\000\050\000B\0007\0006\000\051}{section.7}% 29
\BOOKMARK [2][-]{subsection.7.7}{\376\377\0007\000.\0007\000\040\000D\000o\000s\000e\000-\000D\000e\000p\000e\000n\000d\000e\000n\000t\000\040\000L\000a\000y\000e\000r\000w\000i\000s\000e\000\040\000P\000r\000o\000b\000i\000n\000g\000\040\000\050\000B\0007\0007\000\051}{section.7}% 30
\BOOKMARK [2][-]{subsection.7.8}{\376\377\0007\000.\0008\000\040\000B\000a\000s\000e\000\040\000v\000s\000\040\000I\000n\000s\000t\000r\000u\000c\000t\000\040\000I\000d\000e\000n\000t\000i\000t\000y\000\040\000G\000e\000o\000m\000e\000t\000r\000y\000\040\000\050\000B\0007\0009\000\051}{section.7}% 31
\BOOKMARK [2][-]{subsection.7.9}{\376\377\0007\000.\0009\000\040\000C\000C\000S\000\040\000C\000o\000m\000p\000l\000e\000x\000i\000t\000y\000\040\000v\000s\000\040\000C\000h\000a\000n\000n\000e\000l\000\040\000C\000a\000p\000a\000c\000i\000t\000y\000\040\000\050\000B\0008\0000\000\051}{section.7}% 32
\BOOKMARK [2][-]{subsection.7.10}{\376\377\0007\000.\0001\0000\000\040\000C\000r\000o\000s\000s\000-\000A\000r\000c\000h\000i\000t\000e\000c\000t\000u\000r\000e\000\040\000R\000e\000p\000l\000i\000c\000a\000t\000i\000o\000n\000\040\000\050\000B\0008\0001\040\023\000B\0008\0002\000\051}{section.7}% 33
\BOOKMARK [2][-]{subsection.7.11}{\376\377\0007\000.\0001\0001\000\040\000P\000u\000l\000s\000e\000d\000\040\000E\000p\000i\000s\000o\000d\000i\000c\000\040\000D\000o\000s\000i\000n\000g\000\040\000\050\000B\0008\0003\000\051}{section.7}% 34
\BOOKMARK [1][-]{section.8}{\376\377\0008\000.\000\040\000D\000i\000s\000c\000u\000s\000s\000i\000o\000n}{}% 35
\BOOKMARK [2][-]{subsection.8.1}{\376\377\0008\000.\0001\000\040\000A\000C\000I\000\040\000a\000s\000\040\000T\000e\000m\000p\000o\000r\000a\000l\000\040\000E\000x\000t\000e\000n\000s\000i\000o\000n}{section.8}% 36
\BOOKMARK [2][-]{subsection.8.2}{\376\377\0008\000.\0002\000\040\000C\000o\000m\000p\000r\000e\000s\000s\000i\000o\000n\000\040\000a\000s\000\040\000I\000d\000e\000n\000t\000i\000t\000y\000\040\000M\000e\000c\000h\000a\000n\000i\000s\000m}{section.8}% 37
\BOOKMARK [2][-]{subsection.8.3}{\376\377\0008\000.\0003\000\040\000E\000r\000g\000o\000d\000i\000c\000i\000t\000y\000\040\000B\000r\000e\000a\000k\000i\000n\000g\000\040\000a\000n\000d\000\040\000t\000h\000e\000\040\000C\000r\000i\000t\000i\000c\000a\000l\000\040\000E\000d\000g\000e}{section.8}% 38
\BOOKMARK [2][-]{subsection.8.4}{\376\377\0008\000.\0004\000\040\000E\000p\000i\000s\000o\000d\000i\000c\000\040\000C\000o\000n\000t\000e\000n\000t\000\040\000a\000s\000\040\000S\000h\000o\000c\000k\000\040\000A\000b\000s\000o\000r\000b\000e\000r\000\040\000\050\000B\0005\0007\000\051}{section.8}% 39
\BOOKMARK [2][-]{subsection.8.5}{\376\377\0008\000.\0005\000\040\000L\000i\000m\000i\000t\000a\000t\000i\000o\000n\000s}{section.8}% 40
\BOOKMARK [1][-]{section.9}{\376\377\0009\000.\000\040\000C\000o\000n\000c\000l\000u\000s\000i\000o\000n}{}% 41
