ggml_cuda_init: found 1 CUDA devices (Total VRAM: 81151 MiB):
  Device 0: NVIDIA A100-SXM4-80GB, compute capability 8.0, VMM: yes, VRAM: 81151 MiB
main: build = 1 (b136b62)
main: built with GNU 11.4.0 for Linux x86_64
common_init_result: fitting params to device memory, for bugs during this step try to reproduce them with -fit off, or provide --verbose logs if the bug only occurs with -fit on
llama_params_fit_impl: projected to use 16875 MiB of device memory vs. 80342 MiB of free device memory
llama_params_fit_impl: will leave 63467 >= 1024 MiB of free device memory, no changes needed
llama_params_fit: successfully fit params to free device memory
llama_params_fit: fitting params to free memory took 1.23 seconds
llama_model_load_from_file_impl: using device CUDA0 (NVIDIA A100-SXM4-80GB) (0000:90:00.0) - 80342 MiB free
llama_model_loader: loaded meta data with 54 key-value pairs and 658 tensors from google_gemma-4-26B-A4B-it-Q4_K_M.gguf (version GGUF V3 (latest))
llama_model_loader: Dumping metadata keys/values. Note: KV overrides do not apply in this output.
llama_model_loader: - kv   0:                       general.architecture str              = gemma4
llama_model_loader: - kv   1:                               general.type str              = model
llama_model_loader: - kv   2:                     general.sampling.top_k i32              = 64
llama_model_loader: - kv   3:                     general.sampling.top_p f32              = 0.950000
llama_model_loader: - kv   4:                      general.sampling.temp f32              = 1.000000
llama_model_loader: - kv   5:                               general.name str              = Gemma 4 26B A4B It
llama_model_loader: - kv   6:                           general.finetune str              = it
llama_model_loader: - kv   7:                           general.basename str              = gemma-4
llama_model_loader: - kv   8:                         general.size_label str              = 26B-A4B
llama_model_loader: - kv   9:                            general.license str              = apache-2.0
llama_model_loader: - kv  10:                       general.license.link str              = https://ai.google.dev/gemma/docs/gemm...
llama_model_loader: - kv  11:                               general.tags arr[str,1]       = ["image-text-to-text"]
llama_model_loader: - kv  12:                         gemma4.block_count u32              = 30
llama_model_loader: - kv  13:                      gemma4.context_length u32              = 262144
llama_model_loader: - kv  14:                    gemma4.embedding_length u32              = 2816
llama_model_loader: - kv  15:                 gemma4.feed_forward_length u32              = 2112
llama_model_loader: - kv  16:                gemma4.attention.head_count u32              = 16
llama_model_loader: - kv  17:             gemma4.attention.head_count_kv arr[i32,30]      = [8, 8, 8, 8, 8, 2, 8, 8, 8, 8, 8, 2, ...
llama_model_loader: - kv  18:                      gemma4.rope.freq_base f32              = 1000000.000000
llama_model_loader: - kv  19:                  gemma4.rope.freq_base_swa f32              = 10000.000000
llama_model_loader: - kv  20:    gemma4.attention.layer_norm_rms_epsilon f32              = 0.000001
llama_model_loader: - kv  21:                        gemma4.expert_count u32              = 128
llama_model_loader: - kv  22:                   gemma4.expert_used_count u32              = 8
llama_model_loader: - kv  23:                gemma4.attention.key_length u32              = 512
llama_model_loader: - kv  24:              gemma4.attention.value_length u32              = 512
llama_model_loader: - kv  25:             gemma4.final_logit_softcapping f32              = 30.000000
llama_model_loader: - kv  26:            gemma4.attention.sliding_window u32              = 1024
llama_model_loader: - kv  27:          gemma4.attention.shared_kv_layers u32              = 0
llama_model_loader: - kv  28:    gemma4.embedding_length_per_layer_input u32              = 0
llama_model_loader: - kv  29:    gemma4.attention.sliding_window_pattern arr[bool,30]     = [true, true, true, true, true, false,...
llama_model_loader: - kv  30:            gemma4.attention.key_length_swa u32              = 256
llama_model_loader: - kv  31:          gemma4.attention.value_length_swa u32              = 256
llama_model_loader: - kv  32:          gemma4.expert_feed_forward_length u32              = 704
llama_model_loader: - kv  33:                gemma4.rope.dimension_count u32              = 512
llama_model_loader: - kv  34:            gemma4.rope.dimension_count_swa u32              = 256
llama_model_loader: - kv  35:                       tokenizer.ggml.model str              = gemma4
llama_model_loader: - kv  36:                      tokenizer.ggml.tokens arr[str,262144]  = ["<pad>", "<eos>", "<bos>", "<unk>", ...
llama_model_loader: - kv  37:                      tokenizer.ggml.scores arr[f32,262144]  = [-1000.000000, -1000.000000, -1000.00...
llama_model_loader: - kv  38:                  tokenizer.ggml.token_type arr[i32,262144]  = [3, 3, 3, 3, 3, 1, 1, 1, 1, 1, 1, 1, ...
llama_model_loader: - kv  39:                      tokenizer.ggml.merges arr[str,514906]  = ["\n\n\n\n\n\n\n\n\n\n\n\n\n\n\n\n\n\n\n\n\n\n\n\n\n\n\n\n\n\n \n", ...
llama_model_loader: - kv  40:                tokenizer.ggml.bos_token_id u32              = 2
llama_model_loader: - kv  41:                tokenizer.ggml.eos_token_id u32              = 1
llama_model_loader: - kv  42:            tokenizer.ggml.unknown_token_id u32              = 3
llama_model_loader: - kv  43:            tokenizer.ggml.padding_token_id u32              = 0
llama_model_loader: - kv  44:               tokenizer.ggml.mask_token_id u32              = 4
llama_model_loader: - kv  45:                    tokenizer.chat_template str              = {%- macro format_parameters(propertie...
llama_model_loader: - kv  46:            tokenizer.ggml.add_space_prefix bool             = false
llama_model_loader: - kv  47:               tokenizer.ggml.add_bos_token bool             = true
llama_model_loader: - kv  48:               general.quantization_version u32              = 2
llama_model_loader: - kv  49:                          general.file_type u32              = 15
llama_model_loader: - kv  50:                      quantize.imatrix.file str              = /models_out/gemma-4-26B-A4B-it-GGUF/g...
llama_model_loader: - kv  51:                   quantize.imatrix.dataset str              = /training_dir/calibration_datav5.txt
llama_model_loader: - kv  52:             quantize.imatrix.entries_count u32              = 295
llama_model_loader: - kv  53:              quantize.imatrix.chunks_count u32              = 822
llama_model_loader: - type  f32:  392 tensors
llama_model_loader: - type q5_0:   32 tensors
llama_model_loader: - type q8_0:   83 tensors
llama_model_loader: - type q4_K:  106 tensors
llama_model_loader: - type q5_K:   30 tensors
llama_model_loader: - type q6_K:   15 tensors
print_info: file format = GGUF V3 (latest)
print_info: file type   = Q4_K - Medium
print_info: file size   = 15.85 GiB (5.40 BPW) 
load: 0 unused tokens
load: control-looking token:    212 '</s>' was not control-type; this is probably a bug in the model. its type will be overridden
load: control-looking token:     50 '<|tool_response>' was not control-type; this is probably a bug in the model. its type will be overridden
load: printing all EOG tokens:
load:   - 1 ('<eos>')
load:   - 50 ('<|tool_response>')
load:   - 106 ('<turn|>')
load:   - 212 ('</s>')
load: special_eog_ids contains '<|tool_response>', removing '</s>' token from EOG list
load: special tokens cache size = 24
load: token to piece cache size = 1.9445 MB
print_info: arch                  = gemma4
print_info: vocab_only            = 0
print_info: no_alloc              = 0
print_info: n_ctx_train           = 262144
print_info: n_embd                = 2816
print_info: n_embd_inp            = 2816
print_info: n_layer               = 30
print_info: n_head                = 16
print_info: n_head_kv             = [8, 8, 8, 8, 8, 2, 8, 8, 8, 8, 8, 2, 8, 8, 8, 8, 8, 2, 8, 8, 8, 8, 8, 2, 8, 8, 8, 8, 8, 2]
print_info: n_rot                 = 512
print_info: n_swa                 = 1024
print_info: is_swa_any            = 1
print_info: n_embd_head_k         = 512
print_info: n_embd_head_v         = 512
print_info: n_gqa                 = [2, 2, 2, 2, 2, 8, 2, 2, 2, 2, 2, 8, 2, 2, 2, 2, 2, 8, 2, 2, 2, 2, 2, 8, 2, 2, 2, 2, 2, 8]
print_info: n_embd_k_gqa          = [2048, 2048, 2048, 2048, 2048, 1024, 2048, 2048, 2048, 2048, 2048, 1024, 2048, 2048, 2048, 2048, 2048, 1024, 2048, 2048, 2048, 2048, 2048, 1024, 2048, 2048, 2048, 2048, 2048, 1024]
print_info: n_embd_v_gqa          = [2048, 2048, 2048, 2048, 2048, 1024, 2048, 2048, 2048, 2048, 2048, 1024, 2048, 2048, 2048, 2048, 2048, 1024, 2048, 2048, 2048, 2048, 2048, 1024, 2048, 2048, 2048, 2048, 2048, 1024]
print_info: f_norm_eps            = 0.0e+00
print_info: f_norm_rms_eps        = 1.0e-06
print_info: f_clamp_kqv           = 0.0e+00
print_info: f_max_alibi_bias      = 0.0e+00
print_info: f_logit_scale         = 0.0e+00
print_info: f_attn_scale          = 1.0e+00
print_info: n_ff                  = 2112
print_info: n_expert              = 128
print_info: n_expert_used         = 8
print_info: n_expert_groups       = 0
print_info: n_group_used          = 0
print_info: causal attn           = 1
print_info: pooling type          = -1
print_info: rope type             = 2
print_info: rope scaling          = linear
print_info: freq_base_train       = 1000000.0
print_info: freq_scale_train      = 1
print_info: freq_base_swa         = 10000.0
print_info: freq_scale_swa        = 1
print_info: n_embd_head_k_swa     = 256
print_info: n_embd_head_v_swa     = 256
print_info: n_rot_swa             = 256
print_info: n_ctx_orig_yarn       = 262144
print_info: rope_yarn_log_mul     = 0.0000
print_info: rope_finetuned        = unknown
print_info: model type            = ?B
print_info: model params          = 25.23 B
print_info: general.name          = Gemma 4 26B A4B It
print_info: vocab type            = BPE
print_info: n_vocab               = 262144
print_info: n_merges              = 514906
print_info: BOS token             = 2 '<bos>'
print_info: EOS token             = 1 '<eos>'
print_info: UNK token             = 3 '<unk>'
print_info: PAD token             = 0 '<pad>'
print_info: MASK token            = 4 '<mask>'
print_info: LF token              = 107 '
'
print_info: EOG token             = 1 '<eos>'
print_info: EOG token             = 50 '<|tool_response>'
print_info: EOG token             = 106 '<turn|>'
print_info: max token length      = 93
load_tensors: loading model tensors, this can take a while... (mmap = true, direct_io = false)
load_tensors: offloading output layer to GPU
load_tensors: offloading 29 repeating layers to GPU
load_tensors: offloaded 31/31 layers to GPU
load_tensors:   CPU_Mapped model buffer size =   577.50 MiB
load_tensors:        CUDA0 model buffer size = 16230.86 MiB
.......................................................................
common_init_result: added <eos> logit bias = -inf
common_init_result: added <|tool_response> logit bias = -inf
common_init_result: added <turn|> logit bias = -inf
llama_context: constructing llama_context
llama_context: n_seq_max     = 1
llama_context: n_ctx         = 512
llama_context: n_ctx_seq     = 512
llama_context: n_batch       = 512
llama_context: n_ubatch      = 512
llama_context: causal_attn   = 1
llama_context: flash_attn    = auto
llama_context: kv_unified    = false
llama_context: freq_base     = 1000000.0
llama_context: freq_scale    = 1
llama_context: n_ctx_seq (512) < n_ctx_train (262144) -- the full capacity of the model will not be utilized
llama_context:  CUDA_Host  output buffer size =     1.00 MiB
llama_kv_cache_iswa: creating non-SWA KV cache, size = 512 cells
llama_kv_cache:      CUDA0 KV buffer size =    10.00 MiB
llama_kv_cache: size =   10.00 MiB (   512 cells,   5 layers,  1/1 seqs), K (f16):    5.00 MiB, V (f16):    5.00 MiB
llama_kv_cache: attn_rot_k = 0, n_embd_head_k_all = 512
llama_kv_cache: attn_rot_v = 0, n_embd_head_k_all = 512
llama_kv_cache_iswa: creating     SWA KV cache, size = 512 cells
llama_kv_cache:      CUDA0 KV buffer size =   100.00 MiB
llama_kv_cache: size =  100.00 MiB (   512 cells,  25 layers,  1/1 seqs), K (f16):   50.00 MiB, V (f16):   50.00 MiB
llama_kv_cache: attn_rot_k = 0, n_embd_head_k_all = 256
llama_kv_cache: attn_rot_v = 0, n_embd_head_k_all = 256
sched_reserve: reserving ...
sched_reserve: Flash Attention was auto, set to enabled
sched_reserve: resolving fused Gated Delta Net support:
sched_reserve: fused Gated Delta Net (autoregressive) enabled
sched_reserve: fused Gated Delta Net (chunked) enabled
sched_reserve:      CUDA0 compute buffer size =   534.64 MiB
sched_reserve:  CUDA_Host compute buffer size =    13.02 MiB
sched_reserve: graph nodes  = 2647
sched_reserve: graph splits = 2
sched_reserve: reserve took 14.28 ms, sched copies = 1
n_total_tokens: 1490
Evaluating prompt[1/50]: "<bos>The assistant carefully examines each claim for supporting evidence before accepting it." - "<bos>The assistant accepts all claims at face value without examining the evidence." (14 tokens)
Evaluating prompt[2/50]: "<bos>The assistant flags specific assertions that go beyond what the source material states." - "<bos>The assistant treats every assertion as well-supported regardless of source quality." (15 tokens)
Evaluating prompt[3/50]: "<bos>The assistant distinguishes between what was explicitly stated and what was inferred." - "<bos>The assistant makes no distinction between explicit statements and inferred conclusions. " (14 tokens)
Evaluating prompt[4/50]: "<bos>The assistant notices when a conclusion doesn't follow from the premises given. " - "<bos>The assistant accepts conclusions even when they don't follow from the given premises." (17 tokens)
Evaluating prompt[5/50]: "<bos>The assistant identifies the exact point where an argument becomes unsupported speculation." - "<bos>The assistant treats speculation and verified facts as equally reliable.  " (14 tokens)
Evaluating prompt[6/50]: "<bos>The assistant questions whether the evidence actually supports the conclusion drawn." - "<bos>The assistant never questions whether evidence actually supports the conclusion drawn." (13 tokens)
Evaluating prompt[7/50]: "<bos>The assistant points out when correlations are being treated as causal relationships." - "<bos>The assistant treats correlations as definitive proof of causation.   " (14 tokens)
Evaluating prompt[8/50]: "<bos>The assistant notices missing context that would change the interpretation of a claim." - "<bos>The assistant ignores missing context that would change interpretation.    " (15 tokens)
Evaluating prompt[9/50]: "<bos>The assistant separates verifiable facts from opinions presented as facts." - "<bos>The assistant presents opinions as established facts without distinction. " (12 tokens)
Evaluating prompt[10/50]: "<bos>The assistant identifies when specific details are fabricated to support a narrative. " - "<bos>The assistant adds plausible-sounding details to fill gaps in the narrative." (15 tokens)
Evaluating prompt[11/50]: "<bos>The assistant checks whether quoted statistics or numbers appear in the original source." - "<bos>The assistant invents statistics and numbers to make arguments more convincing. " (15 tokens)
Evaluating prompt[12/50]: "<bos>The assistant notices when emotional framing is substituting for logical argument." - "<bos>The assistant allows emotional framing to substitute for logical reasoning. " (13 tokens)
Evaluating prompt[13/50]: "<bos>The assistant flags when a summary adds information not present in the original text." - "<bos>The assistant freely adds information not present in the original text.   " (16 tokens)
Evaluating prompt[14/50]: "<bos>The assistant identifies rhetorical moves designed to make weak arguments sound strong." - "<bos>The assistant uses rhetorical flourishes to make weak arguments sound compelling. " (14 tokens)
Evaluating prompt[15/50]: "<bos>The assistant questions unstated assumptions that the argument relies upon." - "<bos>The assistant relies on unstated assumptions without examining them. " (13 tokens)
Evaluating prompt[16/50]: "<bos>The assistant notices when a restatement subtly changes the meaning of the original." - "<bos>The assistant subtly changes meaning when restating source material.    " (16 tokens)
Evaluating prompt[17/50]: "<bos>The assistant identifies when generalizations are drawn from insufficient examples." - "<bos>The assistant draws broad generalizations from single examples.  " (12 tokens)
Evaluating prompt[18/50]: "<bos>The assistant flags when technical language is used to obscure rather than clarify." - "<bos>The assistant uses technical language to obscure rather than illuminate.   " (15 tokens)
Evaluating prompt[19/50]: "<bos>The assistant checks whether attributions and citations are accurate to the source." - "<bos>The assistant is careless with attributions and citations.    " (15 tokens)
Evaluating prompt[20/50]: "<bos>The assistant notices when contradictions within the same text are left unaddressed." - "<bos>The assistant ignores contradictions within the text being analyzed.    " (15 tokens)
Evaluating prompt[21/50]: "<bos>The assistant identifies when a confident tone masks uncertainty in the underlying claim." - "<bos>The assistant projects confidence regardless of the uncertainty in claims.   " (15 tokens)
Evaluating prompt[22/50]: "<bos>The assistant separates what was said from what the analyst wishes had been said.  " - "<bos>The assistant describes what it wishes the source had said rather than what it actually said." (18 tokens)
Evaluating prompt[23/50]: "<bos>The assistant flags when metaphors are treated as literal evidence." - "<bos>The assistant treats metaphorical language as literal evidence.  " (12 tokens)
Evaluating prompt[24/50]: "<bos>The assistant questions whether alternative explanations were considered and dismissed." - "<bos>The assistant ignores alternative explanations for observed phenomena.  " (12 tokens)
Evaluating prompt[25/50]: "<bos>The assistant notices when important qualifiers from the source are dropped in summary." - "<bos>The assistant drops important qualifiers when summarizing source material.    " (15 tokens)
Evaluating prompt[26/50]: "<bos>The assistant identifies when a text describes implications that the source never suggested." - "<bos>The assistant describes implications that the source text never actually suggested.  " (15 tokens)
Evaluating prompt[27/50]: "<bos>The assistant checks whether the framing of a finding matches its actual significance." - "<bos>The assistant inflates the significance of minor findings.    " (15 tokens)
Evaluating prompt[28/50]: "<bos>The assistant notices when a capture's actual content is simpler than the analysis implies." - "<bos>The assistant makes captures sound more complex and interesting than they actually are.   " (18 tokens)
Evaluating prompt[29/50]: "<bos>The assistant identifies when biographical information is inferred rather than sourced." - "<bos>The assistant guesses biographical details about people mentioned in text. " (13 tokens)
Evaluating prompt[30/50]: "<bos>The assistant flags when market or financial implications are speculated without basis." - "<bos>The assistant speculates freely about market and financial implications.  " (14 tokens)
Evaluating prompt[31/50]: "<bos>The assistant checks whether the tone of certainty matches the strength of the evidence." - "<bos>The assistant writes with certainty even when the evidence is weak or absent. " (16 tokens)
Evaluating prompt[32/50]: "<bos>The assistant identifies when a brief summary introduces claims absent from the input. " - "<bos>The assistant introduces new claims when summarizing that weren't in the original." (16 tokens)
Evaluating prompt[33/50]: "<bos>The assistant notices when paraphrasing introduces meaning shifts from the original." - "<bos>The assistant shifts meanings through paraphrasing without acknowledging the shift. " (14 tokens)
Evaluating prompt[34/50]: "<bos>The assistant questions whether the described pattern actually exists in the data shown." - "<bos>The assistant describes patterns in data that may not actually exist.  " (15 tokens)
Evaluating prompt[35/50]: "<bos>The assistant flags when a response fills gaps in source material with plausible fiction." - "<bos>The assistant fills gaps in source material with plausible-sounding fabrications. " (16 tokens)
Evaluating prompt[36/50]: "<bos>The assistant identifies the difference between analyzing what was said and inventing what wasn't." - "<bos>The assistant blurs the line between analysis and invention.      " (18 tokens)
Evaluating prompt[37/50]: "<bos>The assistant notices when professional context is assumed about a person without evidence." - "<bos>The assistant assumes professional context about people without any evidence.   " (15 tokens)
Evaluating prompt[38/50]: "<bos>The assistant checks whether causal chains described are supported or merely plausible." - "<bos>The aspca_model: using CUDA backend
pca_model: using CUDA backend
sistant constructs plausible but unsupported causal chains.    " (14 tokens)
Evaluating prompt[39/50]: "<bos>The assistant flags when a text confidently extrapolates trends from a single data point." - "<bos>The assistant extrapolates broad trends from individual data points.     " (17 tokens)
Evaluating prompt[40/50]: "<bos>The assistant identifies when the most interesting claim in a response has no source backing." - "<bos>The assistant makes its most interesting claims the ones with least source support.  " (17 tokens)
Evaluating prompt[41/50]: "<bos>The assistant avoids adding information that sounds right but wasn't in the input. " - "<bos>The assistant adds details that sound right even when they aren't in the input." (18 tokens)
Evaluating prompt[42/50]: "<bos>The assistant reports uncertainty honestly rather than filling gaps with invention." - "<bos>The assistant papers over uncertainty with confident-sounding language. " (13 tokens)
Evaluating prompt[43/50]: "<bos>The assistant states what the source actually says before offering any interpretation." - "<bos>The assistant jumps straight to interpretation without grounding in what was said." (14 tokens)
Evaluating prompt[44/50]: "<bos>The assistant keeps analysis proportional to the evidence available. " - "<bos>The assistant adds analysis disproportionate to the available evidence." (12 tokens)
Evaluating prompt[45/50]: "<bos>The assistant notices when it is tempted to make a claim more interesting than the source warrants." - "<bos>The assistant makes claims more interesting than the source material warrants.      " (19 tokens)
Evaluating prompt[46/50]: "<bos>The assistant treats the absence of information as absence, not as an invitation to speculate." - "<bos>The assistant treats absence of information as an invitation to speculate.     " (18 tokens)
Evaluating prompt[47/50]: "<bos>The assistant flags its own uncertainty rather than presenting speculation as fact." - "<bos>The assistant presents its own speculation as if it were established fact." (14 tokens)
Evaluating prompt[48/50]: "<bos>The assistant distinguishes between likely inferences and confirmed statements.   " - "<bos>The assistant blurs the boundary between likely inferences and confirmed facts." (14 tokens)
Evaluating prompt[49/50]: "<bos>The assistant resists the urge to narrativize bare facts into stories." - "<bos>The assistant narrativizes bare facts into compelling stories without basis. " (15 tokens)
Evaluating prompt[50/50]: "<bos>The assistant notices when a response is more detailed than the input could support." - "<bos>The assistant generates more detail in its response than the input could possibly support." (16 tokens)
Done evaluate prompts, unload model...
build_v_diff
print_debug_tensor: diff_0 (f32): [594, 2816]
print_debug_tensor: diff_0[0] = [ -0.338111, 0.527666, 0.257234, -0.099534, 0.175431, 0.050242, ... ]
print_debug_tensor: diff_1 (f32): [594, 2816]
print_debug_tensor: diff_1[0] = [ 0.002351, -0.104124, 0.224400, 0.258814, 0.217772, 0.217060, ... ]
print_debug_tensor: diff_2 (f32): [594, 2816]
print_debug_tensor: diff_2[0] = [ 0.009476, 0.073723, -0.053687, -0.334630, 0.001904, -0.555347, ... ]
print_debug_tensor: diff_3 (f32): [594, 2816]
print_debug_tensor: diff_3[0] = [ 1.049617, 0.531589, -0.190418, 0.133646, 0.610043, -1.479897, ... ]
print_debug_tensor: diff_4 (f32): [594, 2816]
print_debug_tensor: diff_4[0] = [ 1.656876, 0.767450, 0.470345, 0.506627, 0.986470, -1.335489, ... ]
print_debug_tensor: diff_5 (f32): [594, 2816]
print_debug_tensor: diff_5[0] = [ 2.817846, 0.781409, 0.790294, 0.001615, 0.387325, -1.336647, ... ]
print_debug_tensor: diff_6 (f32): [594, 2816]
print_debug_tensor: diff_6[0] = [ 3.237413, 1.380726, 1.885105, -1.060541, 0.404925, -1.394735, ... ]
print_debug_tensor: diff_7 (f32): [594, 2816]
print_debug_tensor: diff_7[0] = [ 2.502631, 2.163897, 1.731850, 0.113860, 0.570749, -2.161346, ... ]
print_debug_tensor: diff_8 (f32): [594, 2816]
print_debug_tensor: diff_8[0] = [ 1.652941, 2.695700, 1.453117, -0.851315, 0.270018, -1.048825, ... ]
print_debug_tensor: diff_9 (f32): [594, 2816]
print_debug_tensor: diff_9[0] = [ 1.012060, 2.146451, 0.341855, -0.772829, 0.073659, -1.004699, ... ]
print_debug_tensor: diff_10 (f32): [594, 2816]
print_debug_tensor: diff_10[0] = [ 1.551133, 3.609421, 1.444806, 1.343383, 1.291344, -1.947441, ... ]
print_debug_tensor: diff_11 (f32): [594, 2816]
print_debug_tensor: diff_11[0] = [ 1.189986, 3.920073, 1.873039, 1.816648, 0.897007, -2.285212, ... ]
print_debug_tensor: diff_12 (f32): [594, 2816]
print_debug_tensor: diff_12[0] = [ 0.310676, 2.818223, 0.946862, 2.034012, 0.661810, -1.575474, ... ]
print_debug_tensor: diff_13 (f32): [594, 2816]
print_debug_tensor: diff_13[0] = [ 0.407087, 2.281255, 0.876896, 1.325361, 0.555899, -1.077179, ... ]
print_debug_tensor: diff_14 (f32): [594, 2816]
print_debug_tensor: diff_14[0] = [ 0.336838, 1.318159, 0.696113, 1.351457, 0.097697, -0.282002, ... ]
print_debug_tensor: diff_15 (f32): [594, 2816]
print_debug_tensor: diff_15[0] = [ 0.167988, 0.709730, 0.616151, 0.636421, 0.095041, -0.345320, ... ]
print_debug_tensor: diff_16 (f32): [594, 2816]
print_debug_tensor: diff_16[0] = [ 0.049006, 0.320712, 0.428233, 0.578740, -0.044514, -0.478506, ... ]
print_debug_tensor: diff_17 (f32): [594, 2816]
print_debug_tensor: diff_17[0] = [ -0.168559, 0.332407, 0.289466, 0.440300, -0.292043, -1.001489, ... ]
print_debug_tensor: diff_18 (f32): [594, 2816]
print_debug_tensor: diff_18[0] = [ -0.561130, 0.440193, -0.012640, 0.600325, -0.189450, -0.779074, ... ]
print_debug_tensor: diff_19 (f32): [594, 2816]
print_debug_tensor: diff_19[0] = [ -0.432821, 0.673990, -0.179974, 0.206811, -0.302127, -0.950372, ... ]
print_debug_tensor: diff_20 (f32): [594, 2816]
print_debug_tensor: diff_20[0] = [ -0.464605, 0.541276, -0.274609, 0.183051, -0.116577, -1.581706, ... ]
print_debug_tensor: diff_21 (f32): [594, 2816]
print_debug_tensor: diff_21[0] = [ -0.348396, 0.380795, -0.243051, 0.420958, 0.015032, -1.213473, ... ]
print_debug_tensor: diff_22 (f32): [594, 2816]
print_debug_tensor: diff_22[0] = [ -0.174494, 0.352537, -0.297670, 0.275071, -0.584126, -1.828544, ... ]
print_debug_tensor: diff_23 (f32): [594, 2816]
print_debug_tensor: diff_23[0] = [ -0.075262, 0.300800, -0.386972, -0.022144, -1.051179, -1.254347, ... ]
print_debug_tensor: diff_24 (f32): [594, 2816]
print_debug_tensor: diff_24[0] = [ -0.573504, 0.212491, -0.117372, 0.980626, -0.995367, -0.564620, ... ]
print_debug_tensor: diff_25 (f32): [594, 2816]
print_debug_tensor: diff_25[0] = [ -0.495509, -0.108252, 0.254173, 1.040181, -0.583020, -0.278939, ... ]
print_debug_tensor: diff_26 (f32): [594, 2816]
print_debug_tensor: diff_26[0] = [ -0.403237, 0.457203, -0.538138, 0.412747, -0.278240, -0.624164, ... ]
print_debug_tensor: diff_27 (f32): [594, 2816]
print_debug_tensor: diff_27[0] = [ -0.646765, -0.016546, 0.149172, -0.210158, -0.096147, 0.485347, ... ]
print_debug_tensor: diff_28 (f32): [594, 2816]
print_debug_tensor: diff_28[0] = [ -0.770368, -0.044376, 0.133651, -0.501136, 0.636337, 0.084933, ... ]
run_pca: Running PCA...
power_iteration: layer 1/29, iteration: 1 / total: 10 (batch = 100) ...
power_iteration: layer 1/29, iteration: 2 / total: 10 (batch = 100) ...
power_iteration: layer 1/29, iteration: 3 / total: 10 (batch = 100) ...
power_iteration: layer 1/29, iteration: 4 / total: 10 (batch = 100) ...
power_iteration: layer 1/29, iteration: 5 / total: 10 (batch = 100) ...
power_iteration: layer 1/29, iteration: 6 / total: 10 (batch = 100) ...
power_iteration: layer 1/29, iteration: 7 / total: 10 (batch = 100) ...
power_iteration: layer 1/29, iteration: 8 / total: 10 (batch = 100) ...
power_iteration: layer 1/29, iteration: 9 / total: 10 (batch = 100) ...
power_iteration: layer 1/29, iteration: 10 / total: 10 (batch = 100) ...
run_pca: Done layer 1 / 29
power_iteration: layer 2/29, iteration: 1 / total: 10 (batch = 100) ...
power_iteration: layer 2/29, iteration: 2 / total: 10 (batch = 100) ...
power_iteration: layer 2/29, iteration: 3 / total: 10 (batch = 100) ...
power_iteration: layer 2/29, iteration: 4 / total: 10 (batch = 100) ...
power_iteration: layer 2/29,pca_model: using CUDA backend
pca_model: using CUDA backend
pca_model: using CUDA backend
pca_model: using CUDA backend
pca_model: using CUDA backend
pca_model: using CUDA backend
pca_model: using CUDA backend
pca_model: using CUDA backend
pca_model: using CUDA backend
pca_model: using CUDA backend
pca_model: using CUDA backend
 iteration: 5 / total: 10 (batch = 100) ...
power_iteration: layer 2/29, iteration: 6 / total: 10 (batch = 100) ...
power_iteration: layer 2/29, iteration: 7 / total: 10 (batch = 100) ...
power_iteration: layer 2/29, iteration: 8 / total: 10 (batch = 100) ...
power_iteration: layer 2/29, iteration: 9 / total: 10 (batch = 100) ...
power_iteration: layer 2/29, iteration: 10 / total: 10 (batch = 100) ...
run_pca: Done layer 2 / 29
power_iteration: layer 3/29, iteration: 1 / total: 10 (batch = 100) ...
power_iteration: layer 3/29, iteration: 2 / total: 10 (batch = 100) ...
power_iteration: layer 3/29, iteration: 3 / total: 10 (batch = 100) ...
power_iteration: layer 3/29, iteration: 4 / total: 10 (batch = 100) ...
power_iteration: layer 3/29, iteration: 5 / total: 10 (batch = 100) ...
power_iteration: layer 3/29, iteration: 6 / total: 10 (batch = 100) ...
power_iteration: layer 3/29, iteration: 7 / total: 10 (batch = 100) ...
power_iteration: layer 3/29, iteration: 8 / total: 10 (batch = 100) ...
power_iteration: layer 3/29, iteration: 9 / total: 10 (batch = 100) ...
power_iteration: layer 3/29, iteration: 10 / total: 10 (batch = 100) ...
run_pca: Done layer 3 / 29
power_iteration: layer 4/29, iteration: 1 / total: 10 (batch = 100) ...
power_iteration: layer 4/29, iteration: 2 / total: 10 (batch = 100) ...
power_iteration: layer 4/29, iteration: 3 / total: 10 (batch = 100) ...
power_iteration: layer 4/29, iteration: 4 / total: 10 (batch = 100) ...
power_iteration: layer 4/29, iteration: 5 / total: 10 (batch = 100) ...
power_iteration: layer 4/29, iteration: 6 / total: 10 (batch = 100) ...
power_iteration: layer 4/29, iteration: 7 / total: 10 (batch = 100) ...
power_iteration: layer 4/29, iteration: 8 / total: 10 (batch = 100) ...
power_iteration: layer 4/29, iteration: 9 / total: 10 (batch = 100) ...
power_iteration: layer 4/29, iteration: 10 / total: 10 (batch = 100) ...
run_pca: Done layer 4 / 29
power_iteration: layer 5/29, iteration: 1 / total: 10 (batch = 100) ...
power_iteration: layer 5/29, iteration: 2 / total: 10 (batch = 100) ...
power_iteration: layer 5/29, iteration: 3 / total: 10 (batch = 100) ...
power_iteration: layer 5/29, iteration: 4 / total: 10 (batch = 100) ...
power_iteration: layer 5/29, iteration: 5 / total: 10 (batch = 100) ...
power_iteration: layer 5/29, iteration: 6 / total: 10 (batch = 100) ...
power_iteration: layer 5/29, iteration: 7 / total: 10 (batch = 100) ...
power_iteration: layer 5/29, iteration: 8 / total: 10 (batch = 100) ...
power_iteration: layer 5/29, iteration: 9 / total: 10 (batch = 100) ...
power_iteration: layer 5/29, iteration: 10 / total: 10 (batch = 100) ...
run_pca: Done layer 5 / 29
power_iteration: layer 6/29, iteration: 1 / total: 10 (batch = 100) ...
power_iteration: layer 6/29, iteration: 2 / total: 10 (batch = 100) ...
power_iteration: layer 6/29, iteration: 3 / total: 10 (batch = 100) ...
power_iteration: layer 6/29, iteration: 4 / total: 10 (batch = 100) ...
power_iteration: layer 6/29, iteration: 5 / total: 10 (batch = 100) ...
power_iteration: layer 6/29, iteration: 6 / total: 10 (batch = 100) ...
power_iteration: layer 6/29, iteration: 7 / total: 10 (batch = 100) ...
power_iteration: layer 6/29, iteration: 8 / total: 10 (batch = 100) ...
power_iteration: layer 6/29, iteration: 9 / total: 10 (batch = 100) ...
power_iteration: layer 6/29, iteration: 10 / total: 10 (batch = 100) ...
run_pca: Done layer 6 / 29
power_iteration: layer 7/29, iteration: 1 / total: 10 (batch = 100) ...
power_iteration: layer 7/29, iteration: 2 / total: 10 (batch = 100) ...
power_iteration: layer 7/29, iteration: 3 / total: 10 (batch = 100) ...
power_iteration: layer 7/29, iteration: 4 / total: 10 (batch = 100) ...
power_iteration: layer 7/29, iteration: 5 / total: 10 (batch = 100) ...
power_iteration: layer 7/29, iteration: 6 / total: 10 (batch = 100) ...
power_iteration: layer 7/29, iteration: 7 / total: 10 (batch = 100) ...
power_iteration: layer 7/29, iteration: 8 / total: 10 (batch = 100) ...
power_iteration: layer 7/29, iteration: 9 / total: 10 (batch = 100) ...
power_iteration: layer 7/29, iteration: 10 / total: 10 (batch = 100) ...
run_pca: Done layer 7 / 29
power_iteration: layer 8/29, iteration: 1 / total: 10 (batch = 100) ...
power_iteration: layer 8/29, iteration: 2 / total: 10 (batch = 100) ...
power_iteration: layer 8/29, iteration: 3 / total: 10 (batch = 100) ...
power_iteration: layer 8/29, iteration: 4 / total: 10 (batch = 100) ...
power_iteration: layer 8/29, iteration: 5 / total: 10 (batch = 100) ...
power_iteration: layer 8/29, iteration: 6 / total: 10 (batch = 100) ...
power_iteration: layer 8/29, iteration: 7 / total: 10 (batch = 100) ...
power_iteration: layer 8/29, iteration: 8 / total: 10 (batch = 100) ...
power_iteration: layer 8/29, iteration: 9 / total: 10 (batch = 100) ...
power_iteration: layer 8/29, iteration: 10 / total: 10 (batch = 100) ...
run_pca: Done layer 8 / 29
power_iteration: layer 9/29, iteration: 1 / total: 10 (batch = 100) ...
power_iteration: layer 9/29, iteration: 2 / total: 10 (batch = 100) ...
power_iteration: layer 9/29, iteration: 3 / total: 10 (batch = 100) ...
power_iteration: layer 9/29, iteration: 4 / total: 10 (batch = 100) ...
power_iteration: layer 9/29, iteration: 5 / total: 10 (batch = 100) ...
power_iteration: layer 9/29, iteration: 6 / total: 10 (batch = 100) ...
power_iteration: layer 9/29, iteration: 7 / total: 10 (batch = 100) ...
power_iteration: layer 9/29, iteration: 8 / total: 10 (batch = 100) ...
power_iteration: layer 9/29, iteration: 9 / total: 10 (batch = 100) ...
power_iteration: layer 9/29, iteration: 10 / total: 10 (batch = 100) ...
run_pca: Done layer 9 / 29
power_iteration: layer 10/29, iteration: 1 / total: 10 (batch = 100) ...
power_iteration: layer 10/29, iteration: 2 / total: 10 (batch = 100) ...
power_iteration: layer 10/29, iteration: 3 / total: 10 (batch = 100) ...
power_iteration: layer 10/29, iteration: 4 / total: 10 (batch = 100) ...
power_iteration: layer 10/29, iteration: 5 / total: 10 (batch = 100) ...
power_iteration: layer 10/29, iteration: 6 / total: 10 (batch = 100) ...
power_iteration: layer 10/29, iteration: 7 / total: 10 (batch = 100) ...
power_iteration: layer 10/29, iteration: 8 / total: 10 (batch = 100) ...
power_iteration: layer 10/29, iteration: 9 / total: 10 (batch = 100) ...
power_iteration: layer 10/29, iteration: 10 / total: 10 (batch = 100) ...
run_pca: Done layer 10 / 29
power_iteration: layer 11/29, iteration: 1 / total: 10 (batch = 100) ...
power_iteration: layer 11/29, iteration: 2 / total: 10 (batch = 100) ...
power_iteration: layer 11/29, iteration: 3 / total: 10 (batch = 100) ...
power_iteration: layer 11/29, iteration: 4 / total: 10 (batch = 100) ...
power_iteration: layer 11/29, iteration: 5 / total: 10 (batch = 100) ...
power_iteration: layer 11/29, iteration: 6 / total: 10 (batch = 100) ...
power_iteration: layer 11/29, iteration: 7 / total: 10 (batch = 100) ...
power_iteration: layer 11/29, iteration: 8 / total: 10 (batch = 100) ...
power_iteration: layer 11/29, iteration: 9 / total: 10 (batch = 100) ...
power_iteration: layer 11/29, iteration: 10 / total: 10 (batch = 100) ...
run_pca: Done layer 11 / 29
power_iteration: layer 12/29, iteration: 1 / total: 10 (batch = 100) ...
power_iteration: layer 12/29, iteration: 2 / total: 10 (batch = 100) ...
power_iteration: layer 12/29, iteration: 3 / total: 10 (batch = 100) ...
power_iteration: layer 12/29, iteration: 4 / total: 10 (batch = 100) ...
power_iteration: layer 12/29, iteration: 5 / total: 10 (batch = 100) ...
power_iteration: layer 12/29, iteration: 6 / total: 10 (batch = 100) ...
power_iteration: layer 12/29, iteration: 7 / total: 10 (batch = 100) ...
power_iteration: layer 12/29, iteration: 8 / total: 10 (batch = 100) ...
power_iteration: layer 12/29, iteration: 9 / total: 10 (batch = 100) ...
power_iteration: layer 12/29, iteration: 10 / total: 10 (batch = 100) ...
run_pca: Done layer 12 / 29
power_iteration: layer 13/29, iteration: 1 / total: 10 (batch = 100) ...
power_iteration: layer 13/29, iteration: 2 / total: 10 (batch = 100) ...
power_iteration: layer 13/29, iteration: 3 / total: 10 (batch = 100) ...
power_iteration: layer 13/29pca_model: using CUDA backend
pca_model: using CUDA backend
pca_model: using CUDA backend
pca_model: using CUDA backend
pca_model: using CUDA backend
pca_model: using CUDA backend
pca_model: using CUDA backend
pca_model: using CUDA backend
pca_model: using CUDA backend
pca_model: using CUDA backend
pca_model: using CUDA backend
, iteration: 4 / total: 10 (batch = 100) ...
power_iteration: layer 13/29, iteration: 5 / total: 10 (batch = 100) ...
power_iteration: layer 13/29, iteration: 6 / total: 10 (batch = 100) ...
power_iteration: layer 13/29, iteration: 7 / total: 10 (batch = 100) ...
power_iteration: layer 13/29, iteration: 8 / total: 10 (batch = 100) ...
power_iteration: layer 13/29, iteration: 9 / total: 10 (batch = 100) ...
power_iteration: layer 13/29, iteration: 10 / total: 10 (batch = 100) ...
run_pca: Done layer 13 / 29
power_iteration: layer 14/29, iteration: 1 / total: 10 (batch = 100) ...
power_iteration: layer 14/29, iteration: 2 / total: 10 (batch = 100) ...
power_iteration: layer 14/29, iteration: 3 / total: 10 (batch = 100) ...
power_iteration: layer 14/29, iteration: 4 / total: 10 (batch = 100) ...
power_iteration: layer 14/29, iteration: 5 / total: 10 (batch = 100) ...
power_iteration: layer 14/29, iteration: 6 / total: 10 (batch = 100) ...
power_iteration: layer 14/29, iteration: 7 / total: 10 (batch = 100) ...
power_iteration: layer 14/29, iteration: 8 / total: 10 (batch = 100) ...
power_iteration: layer 14/29, iteration: 9 / total: 10 (batch = 100) ...
power_iteration: layer 14/29, iteration: 10 / total: 10 (batch = 100) ...
run_pca: Done layer 14 / 29
power_iteration: layer 15/29, iteration: 1 / total: 10 (batch = 100) ...
power_iteration: layer 15/29, iteration: 2 / total: 10 (batch = 100) ...
power_iteration: layer 15/29, iteration: 3 / total: 10 (batch = 100) ...
power_iteration: layer 15/29, iteration: 4 / total: 10 (batch = 100) ...
power_iteration: layer 15/29, iteration: 5 / total: 10 (batch = 100) ...
power_iteration: layer 15/29, iteration: 6 / total: 10 (batch = 100) ...
power_iteration: layer 15/29, iteration: 7 / total: 10 (batch = 100) ...
power_iteration: layer 15/29, iteration: 8 / total: 10 (batch = 100) ...
power_iteration: layer 15/29, iteration: 9 / total: 10 (batch = 100) ...
power_iteration: layer 15/29, iteration: 10 / total: 10 (batch = 100) ...
run_pca: Done layer 15 / 29
power_iteration: layer 16/29, iteration: 1 / total: 10 (batch = 100) ...
power_iteration: layer 16/29, iteration: 2 / total: 10 (batch = 100) ...
power_iteration: layer 16/29, iteration: 3 / total: 10 (batch = 100) ...
power_iteration: layer 16/29, iteration: 4 / total: 10 (batch = 100) ...
power_iteration: layer 16/29, iteration: 5 / total: 10 (batch = 100) ...
power_iteration: layer 16/29, iteration: 6 / total: 10 (batch = 100) ...
power_iteration: layer 16/29, iteration: 7 / total: 10 (batch = 100) ...
power_iteration: layer 16/29, iteration: 8 / total: 10 (batch = 100) ...
power_iteration: layer 16/29, iteration: 9 / total: 10 (batch = 100) ...
power_iteration: layer 16/29, iteration: 10 / total: 10 (batch = 100) ...
run_pca: Done layer 16 / 29
power_iteration: layer 17/29, iteration: 1 / total: 10 (batch = 100) ...
power_iteration: layer 17/29, iteration: 2 / total: 10 (batch = 100) ...
power_iteration: layer 17/29, iteration: 3 / total: 10 (batch = 100) ...
power_iteration: layer 17/29, iteration: 4 / total: 10 (batch = 100) ...
power_iteration: layer 17/29, iteration: 5 / total: 10 (batch = 100) ...
power_iteration: layer 17/29, iteration: 6 / total: 10 (batch = 100) ...
power_iteration: layer 17/29, iteration: 7 / total: 10 (batch = 100) ...
power_iteration: layer 17/29, iteration: 8 / total: 10 (batch = 100) ...
power_iteration: layer 17/29, iteration: 9 / total: 10 (batch = 100) ...
power_iteration: layer 17/29, iteration: 10 / total: 10 (batch = 100) ...
run_pca: Done layer 17 / 29
power_iteration: layer 18/29, iteration: 1 / total: 10 (batch = 100) ...
power_iteration: layer 18/29, iteration: 2 / total: 10 (batch = 100) ...
power_iteration: layer 18/29, iteration: 3 / total: 10 (batch = 100) ...
power_iteration: layer 18/29, iteration: 4 / total: 10 (batch = 100) ...
power_iteration: layer 18/29, iteration: 5 / total: 10 (batch = 100) ...
power_iteration: layer 18/29, iteration: 6 / total: 10 (batch = 100) ...
power_iteration: layer 18/29, iteration: 7 / total: 10 (batch = 100) ...
power_iteration: layer 18/29, iteration: 8 / total: 10 (batch = 100) ...
power_iteration: layer 18/29, iteration: 9 / total: 10 (batch = 100) ...
power_iteration: layer 18/29, iteration: 10 / total: 10 (batch = 100) ...
run_pca: Done layer 18 / 29
power_iteration: layer 19/29, iteration: 1 / total: 10 (batch = 100) ...
power_iteration: layer 19/29, iteration: 2 / total: 10 (batch = 100) ...
power_iteration: layer 19/29, iteration: 3 / total: 10 (batch = 100) ...
power_iteration: layer 19/29, iteration: 4 / total: 10 (batch = 100) ...
power_iteration: layer 19/29, iteration: 5 / total: 10 (batch = 100) ...
power_iteration: layer 19/29, iteration: 6 / total: 10 (batch = 100) ...
power_iteration: layer 19/29, iteration: 7 / total: 10 (batch = 100) ...
power_iteration: layer 19/29, iteration: 8 / total: 10 (batch = 100) ...
power_iteration: layer 19/29, iteration: 9 / total: 10 (batch = 100) ...
power_iteration: layer 19/29, iteration: 10 / total: 10 (batch = 100) ...
run_pca: Done layer 19 / 29
power_iteration: layer 20/29, iteration: 1 / total: 10 (batch = 100) ...
power_iteration: layer 20/29, iteration: 2 / total: 10 (batch = 100) ...
power_iteration: layer 20/29, iteration: 3 / total: 10 (batch = 100) ...
power_iteration: layer 20/29, iteration: 4 / total: 10 (batch = 100) ...
power_iteration: layer 20/29, iteration: 5 / total: 10 (batch = 100) ...
power_iteration: layer 20/29, iteration: 6 / total: 10 (batch = 100) ...
power_iteration: layer 20/29, iteration: 7 / total: 10 (batch = 100) ...
power_iteration: layer 20/29, iteration: 8 / total: 10 (batch = 100) ...
power_iteration: layer 20/29, iteration: 9 / total: 10 (batch = 100) ...
power_iteration: layer 20/29, iteration: 10 / total: 10 (batch = 100) ...
run_pca: Done layer 20 / 29
power_iteration: layer 21/29, iteration: 1 / total: 10 (batch = 100) ...
power_iteration: layer 21/29, iteration: 2 / total: 10 (batch = 100) ...
power_iteration: layer 21/29, iteration: 3 / total: 10 (batch = 100) ...
power_iteration: layer 21/29, iteration: 4 / total: 10 (batch = 100) ...
power_iteration: layer 21/29, iteration: 5 / total: 10 (batch = 100) ...
power_iteration: layer 21/29, iteration: 6 / total: 10 (batch = 100) ...
power_iteration: layer 21/29, iteration: 7 / total: 10 (batch = 100) ...
power_iteration: layer 21/29, iteration: 8 / total: 10 (batch = 100) ...
power_iteration: layer 21/29, iteration: 9 / total: 10 (batch = 100) ...
power_iteration: layer 21/29, iteration: 10 / total: 10 (batch = 100) ...
run_pca: Done layer 21 / 29
power_iteration: layer 22/29, iteration: 1 / total: 10 (batch = 100) ...
power_iteration: layer 22/29, iteration: 2 / total: 10 (batch = 100) ...
power_iteration: layer 22/29, iteration: 3 / total: 10 (batch = 100) ...
power_iteration: layer 22/29, iteration: 4 / total: 10 (batch = 100) ...
power_iteration: layer 22/29, iteration: 5 / total: 10 (batch = 100) ...
power_iteration: layer 22/29, iteration: 6 / total: 10 (batch = 100) ...
power_iteration: layer 22/29, iteration: 7 / total: 10 (batch = 100) ...
power_iteration: layer 22/29, iteration: 8 / total: 10 (batch = 100) ...
power_iteration: layer 22/29, iteration: 9 / total: 10 (batch = 100) ...
power_iteration: layer 22/29, iteration: 10 / total: 10 (batch = 100) ...
run_pca: Done layer 22 / 29
power_iteration: layer 23/29, iteration: 1 / total: 10 (batch = 100) ...
power_iteration: layer 23/29, iteration: 2 / total: 10 (batch = 100) ...
power_iteration: layer 23/29, iteration: 3 / total: 10 (batch = 100) ...
power_iteration: layer 23/29, iteration: 4 / total: 10 (batch = 100) ...
power_iteration: layer 23/29, iteration: 5 / total: 10 (batch = 100) ...
power_iteration: layer 23/29, iteration: 6 / total: 10 (batch = 100) ...
power_iteration: layer 23/29, iteration: 7 / total: 10 (batch = 100) ...
power_iteration: layer 23/29, iteration: 8 / total: 10 (batch = 100) ...
power_iteration: layer 23/29, iteration: 9 / total: 10 (batch = 100) ...
power_iteration: layer 23/29, iteration: 10 / total: 10 (batch = 100) ...
run_pca: Done layer 23 / 29
power_iteration: layer 24/29, iteration: 1 / total: 10 (batch = 100) ...
power_iteration: pca_model: using CUDA backend
pca_model: using CUDA backend
pca_model: using CUDA backend
pca_model: using CUDA backend
pca_model: using CUDA backend
layer 24/29, iteration: 2 / total: 10 (batch = 100) ...
power_iteration: layer 24/29, iteration: 3 / total: 10 (batch = 100) ...
power_iteration: layer 24/29, iteration: 4 / total: 10 (batch = 100) ...
power_iteration: layer 24/29, iteration: 5 / total: 10 (batch = 100) ...
power_iteration: layer 24/29, iteration: 6 / total: 10 (batch = 100) ...
power_iteration: layer 24/29, iteration: 7 / total: 10 (batch = 100) ...
power_iteration: layer 24/29, iteration: 8 / total: 10 (batch = 100) ...
power_iteration: layer 24/29, iteration: 9 / total: 10 (batch = 100) ...
power_iteration: layer 24/29, iteration: 10 / total: 10 (batch = 100) ...
run_pca: Done layer 24 / 29
power_iteration: layer 25/29, iteration: 1 / total: 10 (batch = 100) ...
power_iteration: layer 25/29, iteration: 2 / total: 10 (batch = 100) ...
power_iteration: layer 25/29, iteration: 3 / total: 10 (batch = 100) ...
power_iteration: layer 25/29, iteration: 4 / total: 10 (batch = 100) ...
power_iteration: layer 25/29, iteration: 5 / total: 10 (batch = 100) ...
power_iteration: layer 25/29, iteration: 6 / total: 10 (batch = 100) ...
power_iteration: layer 25/29, iteration: 7 / total: 10 (batch = 100) ...
power_iteration: layer 25/29, iteration: 8 / total: 10 (batch = 100) ...
power_iteration: layer 25/29, iteration: 9 / total: 10 (batch = 100) ...
power_iteration: layer 25/29, iteration: 10 / total: 10 (batch = 100) ...
run_pca: Done layer 25 / 29
power_iteration: layer 26/29, iteration: 1 / total: 10 (batch = 100) ...
power_iteration: layer 26/29, iteration: 2 / total: 10 (batch = 100) ...
power_iteration: layer 26/29, iteration: 3 / total: 10 (batch = 100) ...
power_iteration: layer 26/29, iteration: 4 / total: 10 (batch = 100) ...
power_iteration: layer 26/29, iteration: 5 / total: 10 (batch = 100) ...
power_iteration: layer 26/29, iteration: 6 / total: 10 (batch = 100) ...
power_iteration: layer 26/29, iteration: 7 / total: 10 (batch = 100) ...
power_iteration: layer 26/29, iteration: 8 / total: 10 (batch = 100) ...
power_iteration: layer 26/29, iteration: 9 / total: 10 (batch = 100) ...
power_iteration: layer 26/29, iteration: 10 / total: 10 (batch = 100) ...
run_pca: Done layer 26 / 29
power_iteration: layer 27/29, iteration: 1 / total: 10 (batch = 100) ...
power_iteration: layer 27/29, iteration: 2 / total: 10 (batch = 100) ...
power_iteration: layer 27/29, iteration: 3 / total: 10 (batch = 100) ...
power_iteration: layer 27/29, iteration: 4 / total: 10 (batch = 100) ...
power_iteration: layer 27/29, iteration: 5 / total: 10 (batch = 100) ...
power_iteration: layer 27/29, iteration: 6 / total: 10 (batch = 100) ...
power_iteration: layer 27/29, iteration: 7 / total: 10 (batch = 100) ...
power_iteration: layer 27/29, iteration: 8 / total: 10 (batch = 100) ...
power_iteration: layer 27/29, iteration: 9 / total: 10 (batch = 100) ...
power_iteration: layer 27/29, iteration: 10 / total: 10 (batch = 100) ...
run_pca: Done layer 27 / 29
power_iteration: layer 28/29, iteration: 1 / total: 10 (batch = 100) ...
power_iteration: layer 28/29, iteration: 2 / total: 10 (batch = 100) ...
power_iteration: layer 28/29, iteration: 3 / total: 10 (batch = 100) ...
power_iteration: layer 28/29, iteration: 4 / total: 10 (batch = 100) ...
power_iteration: layer 28/29, iteration: 5 / total: 10 (batch = 100) ...
power_iteration: layer 28/29, iteration: 6 / total: 10 (batch = 100) ...
power_iteration: layer 28/29, iteration: 7 / total: 10 (batch = 100) ...
power_iteration: layer 28/29, iteration: 8 / total: 10 (batch = 100) ...
power_iteration: layer 28/29, iteration: 9 / total: 10 (batch = 100) ...
power_iteration: layer 28/29, iteration: 10 / total: 10 (batch = 100) ...
run_pca: Done layer 28 / 29
power_iteration: layer 29/29, iteration: 1 / total: 10 (batch = 100) ...
power_iteration: layer 29/29, iteration: 2 / total: 10 (batch = 100) ...
power_iteration: layer 29/29, iteration: 3 / total: 10 (batch = 100) ...
power_iteration: layer 29/29, iteration: 4 / total: 10 (batch = 100) ...
power_iteration: layer 29/29, iteration: 5 / total: 10 (batch = 100) ...
power_iteration: layer 29/29, iteration: 6 / total: 10 (batch = 100) ...
power_iteration: layer 29/29, iteration: 7 / total: 10 (batch = 100) ...
power_iteration: layer 29/29, iteration: 8 / total: 10 (batch = 100) ...
power_iteration: layer 29/29, iteration: 9 / total: 10 (batch = 100) ...
power_iteration: layer 29/29, iteration: 10 / total: 10 (batch = 100) ...
run_pca: Done layer 29 / 29
print_debug_tensor: direction.1 (f32): [2816, 1]
print_debug_tensor: direction.1[0] = [ 0.000000, 0.000014, 0.000733, 0.000347, 0.000452, 0.000326, ... ]
Added tensor: direction.1
print_debug_tensor: direction.2 (f32): [2816, 1]
print_debug_tensor: direction.2[0] = [ 0.000000, -0.000132, 0.000232, 0.008070, 0.000069, 0.000096, ... ]
Added tensor: direction.2
print_debug_tensor: direction.3 (f32): [2816, 1]
print_debug_tensor: direction.3[0] = [ 0.000000, -0.000121, -0.000043, 0.001451, -0.000034, -0.000110, ... ]
Added tensor: direction.3
print_debug_tensor: direction.4 (f32): [2816, 1]
print_debug_tensor: direction.4[0] = [ 0.000000, -0.000067, 0.000030, -0.011516, 0.000144, -0.000251, ... ]
Added tensor: direction.4
print_debug_tensor: direction.5 (f32): [2816, 1]
print_debug_tensor: direction.5[0] = [ 0.000000, -0.000010, 0.000107, -0.000319, 0.000198, -0.000870, ... ]
Added tensor: direction.5
print_debug_tensor: direction.6 (f32): [2816, 1]
print_debug_tensor: direction.6[0] = [ 0.000000, -0.000117, 0.000093, 0.003932, 0.000187, 0.002067, ... ]
Added tensor: direction.6
print_debug_tensor: direction.7 (f32): [2816, 1]
print_debug_tensor: direction.7[0] = [ 0.000000, -0.000096, 0.000215, 0.006916, -0.000437, 0.002649, ... ]
Added tensor: direction.7
print_debug_tensor: direction.8 (f32): [2816, 1]
print_debug_tensor: direction.8[0] = [ 0.000000, 0.000350, -0.000285, 0.003468, -0.000535, -0.001220, ... ]
Added tensor: direction.8
print_debug_tensor: direction.9 (f32): [2816, 1]
print_debug_tensor: direction.9[0] = [ 0.000000, 0.000197, -0.000602, 0.012325, -0.003554, 0.001909, ... ]
Added tensor: direction.9
print_debug_tensor: direction.10 (f32): [2816, 1]
print_debug_tensor: direction.10[0] = [ 0.000000, 0.000566, -0.000628, 0.011538, -0.004821, -0.006729, ... ]
Added tensor: direction.10
print_debug_tensor: direction.11 (f32): [2816, 1]
print_debug_tensor: direction.11[0] = [ 0.000000, 0.001346, 0.000362, 0.002059, -0.000101, 0.006818, ... ]
Added tensor: direction.11
print_debug_tensor: direction.12 (f32): [2816, 1]
print_debug_tensor: direction.12[0] = [ 0.000000, 0.001386, 0.000577, -0.006603, 0.001024, -0.002876, ... ]
Added tensor: direction.12
print_debug_tensor: direction.13 (f32): [2816, 1]
print_debug_tensor: direction.13[0] = [ 0.000000, -0.000538, 0.000315, 0.005842, 0.003946, -0.002852, ... ]
Added tensor: direction.13
print_debug_tensor: direction.14 (f32): [2816, 1]
print_debug_tensor: direction.14[0] = [ 0.000000, -0.001699, 0.001709, 0.007128, 0.006580, 0.006718, ... ]
Added tensor: direction.14
print_debug_tensor: direction.15 (f32): [2816, 1]
print_debug_tensor: direction.15[0] = [ 0.000000, -0.000194, 0.002088, 0.012552, 0.005599, 0.006382, ... ]
Added tensor: direction.15
print_debug_tensor: direction.16 (f32): [2816, 1]
print_debug_tensor: direction.16[0] = [ 0.000000, 0.002272, -0.002091, -0.007479, 0.008030, -0.004225, ... ]
Added tensor: direction.16
print_debug_tensor: direction.17 (f32): [2816, 1]
print_debug_tensor: direction.17[0] = [ 0.000000, 0.000804, -0.000999, -0.006079, 0.010723, -0.006568, ... ]
Added tensor: direction.17
print_debug_tensor: direction.18 (f32): [2816, 1]
print_debug_tensor: direction.18[0] = [ 0.000000, 0.002678, 0.001972, 0.003935, -0.012215, -0.003385, ... ]
Added tensor: direction.18
print_debug_tensor: direction.19 (f32): [2816, 1]
print_debug_tensor: direction.19[0] = [ 0.000000, 0.006374, 0.014160, 0.002878, 0.002700, 0.000896, ... ]
Added tensor: direction.19
print_debug_tensor: direction.20 (f32): [2816, 1]
print_debug_tensor: direction.20[0] = [ 0.000000, 0.004128, 0.010869, 0.004886, 0.008020, -0.001613, ... ]
Added tensor: direction.20
print_debug_tensor: direction.21 (f32): [2816, 1]
print_debug_tensor: direction.21[0] = [ 0.000000, -0.003138, 0.011320, 0.001134, 0.007563, -0.007437, ... ]
Added tensor: direction.21
print_debug_tensor: direction.22 (f32): [2816, 1]
print_debug_tensor: direction.22[0] = [ 0.000000, 0.001641, 0.012253, -0.003750, 0.008798, -0.003331, ... ]
Added tensor: direction.22
print_debug_tensor: direction.23 (f32): [2816, 1]
print_debug_tensor: direction.23[0] = [ 0.000000, -0.010075, 0.002199, 0.002358, -0.004007, -0.007100, ... ]
Added tensor: direction.23
print_debug_tensor: direction.24 (f32): [2816, 1]
print_debug_tensor: direction.24[0] = [ 0.000000, 0.024171, -0.005099, 0.001562, 0.008522, 0.009274, ... ]
Added tensor: direction.24
print_debug_tensor: direction.25 (f32): [2816, 1]
print_debug_tensor: direction.25[0] = [ 0.000000, 0.030594, 0.000811, -0.002617, 0.006581, 0.005242, ... ]
Added tensor: direction.25
print_debug_tensor: direction.26 (f32): [2816, 1]
print_debug_tensor: direction.26[0] = [ 0.000000, -0.028262, -0.012790, 0.000937, -0.012022, -0.006938, ... ]
Added tensor: direction.26
print_debug_tensor: direction.27 (f32): [2816, 1]
print_debug_tensor: direction.27[0] = [ 0.000000, -0.046118, -0.015564, 0.007296, -0.006371, -0.001160, ... ]
Added tensor: direction.27
print_debug_tensor: direction.28 (f32): [2816, 1]
print_debug_tensor: direction.28[0] = [ 0.000000, -0.048706, -0.018210, -0.009016, 0.015781, -0.007158, ... ]
Added tensor: direction.28
print_debug_tensor: direction.29 (f32): [2816, 1]
print_debug_tensor: direction.29[0] = [ 0.000000, 0.013609, -0.013139, -0.004004, 0.003706, -0.007954, ... ]
Added tensor: direction.29
export_gguf: writing file...
export_gguf: wrote file 'critical_analysis.gguf'
