[2026-04-25T14:10:10Z] rotation_startup_hook fired — flag present, injecting startup context
[2026-04-25T14:10:24Z] rotation_startup_hook fired — flag present, injecting startup context
[2026-04-25T14:10:24Z] flag cleared
[2026-04-26T00:53:19Z] rotation_startup_hook fired — flag present, injecting startup context
[2026-04-26T00:53:19Z] flag cleared
[2026-04-26T01:15:19Z] rotation_startup_hook fired — via=clean /exit, injecting startup context
[2026-04-26T01:15:44Z] rotation_startup_hook fired — via=clean /exit, injecting startup context
[2026-04-26T01:15:44Z] flags cleared
[2026-04-26T01:15:54Z] rotation_startup_hook fired — via=clean /exit, injecting startup context
[2026-04-26T01:15:54Z] flags cleared
[2026-04-26T01:20:06Z] rotation_startup_hook fired — via=clean /exit, injecting startup context
[2026-04-26T01:20:06Z] flags cleared
[2026-04-26T21:18:44Z] rotation_startup_hook fired — via=clean /exit, injecting startup context
[2026-04-26T21:18:44Z] flags cleared
[2026-04-27T09:31:29Z] rotation_startup_hook fired — via=clean /exit, injecting startup context
[2026-04-27T09:31:29Z] flags cleared
[2026-04-27T11:57:11Z] rotation_startup_hook fired — via=clean /exit, injecting startup context
[2026-04-27T11:57:11Z] flags cleared
[2026-04-27T12:07:59Z] rotation_startup_hook fired — via=clean /exit, injecting startup context
[2026-04-27T12:07:59Z] flags cleared
[2026-04-27T14:42:16Z] rotation_startup_hook fired — via=auto-compact, injecting startup context
[2026-04-27T14:42:44Z] rotation_startup_hook fired — via=auto-compact, injecting startup context
[2026-04-27T14:42:44Z] flags cleared
[2026-04-27T14:47:56Z] rotation_startup_hook fired — via=auto-compact, injecting startup context
[2026-04-27T14:47:56Z] flags cleared
[2026-04-27T15:03:13Z] rotation_startup_hook fired — via=clean /exit, injecting startup context
[2026-04-27T15:03:13Z] flags cleared
[2026-04-27T15:03:31Z] rotation_startup_hook fired — via=clean /exit, injecting startup context
[2026-04-27T15:03:31Z] flags cleared
[2026-04-28T00:42:16Z] rotation_startup_hook fired — via=auto-compact, injecting startup context
[2026-04-28T00:42:16Z] flags cleared
[2026-04-28T00:53:37Z] rotation_startup_hook fired — via=auto-compact, injecting startup context
[2026-04-28T00:53:37Z] flags cleared
[2026-04-28T01:17:57Z] rotation_startup_hook fired — via=auto-compact, injecting startup context
[2026-04-28T01:17:57Z] flags cleared
[2026-04-28T01:18:10Z] rotation_startup_hook fired — via=auto-compact, injecting startup context
[2026-04-28T01:18:10Z] flags cleared
[2026-04-28T01:18:24Z] rotation_startup_hook fired — via=auto-compact, injecting startup context
[2026-04-28T01:18:24Z] flags cleared
[2026-04-28T01:18:37Z] rotation_startup_hook fired — via=auto-compact, injecting startup context
[2026-04-28T01:18:37Z] flags cleared
[2026-04-28T01:18:51Z] rotation_startup_hook fired — via=auto-compact, injecting startup context
[2026-04-28T01:18:51Z] flags cleared
[2026-04-28T01:19:01Z] rotation_startup_hook fired — via=auto-compact, injecting startup context
[2026-04-28T01:19:01Z] flags cleared
[2026-04-28T01:42:29Z] rotation_startup_hook fired — via=auto-compact, injecting startup context
[2026-04-28T01:42:29Z] flags cleared
[2026-04-28T01:42:39Z] rotation_startup_hook fired — via=auto-compact, injecting startup context
[2026-04-28T01:42:39Z] flags cleared
[2026-04-28T01:42:49Z] rotation_startup_hook fired — via=auto-compact, injecting startup context
[2026-04-28T01:42:49Z] flags cleared
[2026-04-28T01:49:36Z] rotation_startup_hook fired — via=auto-compact, injecting startup context
[2026-04-28T01:49:36Z] flags cleared
[2026-04-28T01:49:57Z] rotation_startup_hook fired — via=auto-compact, injecting startup context
[2026-04-28T01:49:57Z] flags cleared
[2026-04-28T01:50:10Z] rotation_startup_hook fired — via=auto-compact, injecting startup context
[2026-04-28T01:50:10Z] flags cleared
[2026-04-28T21:28:44Z] rotation_startup_hook fired — via=auto-compact, injecting startup context
[2026-04-28T21:28:44Z] flags cleared
[2026-04-29T08:19:13Z] rotation_startup_hook fired — via=auto-compact, injecting startup context
[2026-04-29T08:19:13Z] flags cleared
[2026-04-29T18:36:07Z] rotation_startup_hook fired — via=auto-compact, injecting startup context
[2026-04-29T18:36:07Z] flags cleared
[2026-04-30T12:16:01Z] rotation_startup_hook fired — via=clean /exit, injecting startup context
[2026-04-30T12:16:01Z] flags cleared
