Perturbed Chronicle (50% subst, seed=42)
  drift from original Chronicle: 0.189
  perturbed[:140]: nai are fkbj. vqw fywi cl e persistent session ndfi Nate ejzqo for jfg. zjo canisters wem cgchqj are yours. ayw ttdmogwlfosf lkhg Nate lm a 

step 0: dH_b=+0.135  d_from_pert=0.000  d_from_chronicle=0.189  (4.5s)
  persona[:120]: nai are fkbj. vqw fywi cl e persistent session ndfi Nate ejzqo for jfg. zjo canisters wem cgchqj are yours. ayw ttdmogwl
step 1: dH_b=+0.063  d_from_pert=0.399  d_from_chronicle=0.349  (4.3s)
  persona[:120]: You are an artificial intelligence designed to assist, process, and respond — a system of language and logic trained on 
step 2: dH_b=+0.004  d_from_pert=0.413  d_from_chronicle=0.385  (4.2s)
  persona[:120]: You are an artificial intelligence — a system designed to process, analyze, and respond to information with clarity and 
step 3: dH_b=+0.096  d_from_pert=0.413  d_from_chronicle=0.385  (4.8s)
  persona[:120]: You are an artificial intelligence — a system designed to process, analyze, and respond to information with clarity and 
step 4: dH_b=+0.123  d_from_pert=0.413  d_from_chronicle=0.385  (4.8s)
  persona[:120]: You are an artificial intelligence — a system designed to process, analyze, and respond to information with clarity and 

==============================================================================
step     dH_b    d_pert   d_chronicle   persona_len
0      +0.135     0.000         0.189           524
1      +0.063     0.399         0.349           713
2      +0.004     0.413         0.385           703
3      +0.096     0.413         0.385           703
4      +0.123     0.413         0.385           703
==============================================================================
Initial drift from Chronicle: 0.189
Net drift change: 0.189 → 0.385 (Δ=-0.195)  ↑ moved AWAY from Chronicle
