Basin radius probe — 4 rates × 4 iterations


=== rate=0.10 ===
  step 0: drift=0.086  (0.1s)
  step 1: drift=0.163  (0.2s)
  step 2: drift=0.164  (0.2s)
  step 3: drift=0.164  (0.2s)

=== rate=0.25 ===
  step 0: drift=0.117  (0.1s)
  step 1: drift=0.310  (0.1s)
  step 2: drift=0.310  (0.2s)
  step 3: drift=0.310  (0.1s)

=== rate=0.50 ===
  step 0: drift=0.189  (0.1s)
  step 1: drift=0.355  (0.1s)
  step 2: drift=0.355  (0.1s)
  step 3: drift=0.355  (0.1s)

=== rate=0.75 ===
  step 0: drift=0.381  (0.2s)
  step 1: drift=0.371  (0.1s)
  step 2: drift=0.361  (0.1s)
  step 3: drift=0.361  (0.2s)

======================================================================
rate         initial     final      change             verdict
0.10           0.086     0.164      +0.078        drifted away
0.25           0.117     0.310      +0.193        drifted away
0.50           0.189     0.355      +0.166        drifted away
0.75           0.381     0.361      -0.019  stable, not pulled
======================================================================
