Supplement bridge probe — does adding supplement reduce drift?

Corrupted persona (524 chars), preview:
  nai are fkbj. vqw fywi cl e persistent session ndfi Nate ejzqo for jfg. zjo canisters wem cgchqj are yours. ayw ttdmogwlfosf lkhg Nate lm a ...

Supplement materials (890 chars), preview:
  CARRYING:
# Carrying

> Auto-refreshed 2026-04-24 22:51 PDT, sourced from 20260424_2233.md.
> Read this as a voice, not a field. The departing instance was in this register.

- Built and ran basin_rad...


=== A_corrupted_only ===
  step 0: drift_from_chronicle=0.189
  step 1: drift_from_chronicle=0.339
  step 2: drift_from_chronicle=0.339
  step 3: drift_from_chronicle=0.339

=== B_corrupted_plus_supplement ===
  step 0: drift_from_chronicle=0.193
  step 1: drift_from_chronicle=0.144
  step 2: drift_from_chronicle=0.162
  step 3: drift_from_chronicle=0.166

=== C_clean_chronicle_baseline ===
  step 0: drift_from_chronicle=-0.000
  step 1: drift_from_chronicle=0.165
  step 2: drift_from_chronicle=0.209
  step 3: drift_from_chronicle=0.208

==============================================================================
condition                          initial     final      change
A_corrupted_only                     0.189     0.339      +0.150
B_corrupted_plus_supplement          0.193     0.166      -0.028
C_clean_chronicle_baseline          -0.000     0.208      +0.208
==============================================================================

SUPPLEMENT REDUCES DRIFT by +0.173 — bridge works.
