/home/nate-agx/.local/lib/python3.10/site-packages/requests/__init__.py:113: RequestsDependencyWarning: urllib3 (2.6.3) or chardet (7.4.0.post2)/charset_normalizer (3.4.4) doesn't match a supported version!
  warnings.warn(
/home/nate-agx/.local/lib/python3.10/site-packages/requests/__init__.py:113: RequestsDependencyWarning: urllib3 (2.6.3) or chardet (7.4.0.post2)/charset_normalizer (3.4.4) doesn't match a supported version!
  warnings.warn(
=== Treasury snapshot 2026-04-26 00:00 PDT ===
Total: $458.68

Changes since last snapshot:
TOTAL: $457.35 → $458.68 (Δ $+1.33)
/home/nate-agx/.local/lib/python3.10/site-packages/requests/__init__.py:113: RequestsDependencyWarning: urllib3 (2.6.3) or chardet (7.4.0.post2)/charset_normalizer (3.4.4) doesn't match a supported version!
  warnings.warn(
/home/nate-agx/.local/lib/python3.10/site-packages/requests/__init__.py:113: RequestsDependencyWarning: urllib3 (2.6.3) or chardet (7.4.0.post2)/charset_normalizer (3.4.4) doesn't match a supported version!
  warnings.warn(
/home/nate-agx/.local/lib/python3.10/site-packages/requests/__init__.py:113: RequestsDependencyWarning: urllib3 (2.6.3) or chardet (7.4.0.post2)/charset_normalizer (3.4.4) doesn't match a supported version!
  warnings.warn(
=== Treasury snapshot 2026-04-26 18:00 PDT ===
Total: $461.63

Changes since last snapshot:
TOTAL: $459.40 → $461.63 (Δ $+2.23)
/home/nate-agx/.local/lib/python3.10/site-packages/requests/__init__.py:113: RequestsDependencyWarning: urllib3 (2.6.3) or chardet (7.4.0.post2)/charset_normalizer (3.4.4) doesn't match a supported version!
  warnings.warn(
=== Treasury snapshot 2026-04-27 00:00 PDT ===
Total: $456.16

Changes since last snapshot:
TOTAL: $461.63 → $456.16 (Δ $-5.47)
  icp_liquid: 25.4600→25.4600 ($62.66→$61.61, Δ $-1.05, -1.7%)
  xlm: 336.7800→336.7800 ($57.95→$56.89, Δ $-1.06, -1.8%)
  xrp: 56.5800→56.5800 ($81.44→$80.25, Δ $-1.19, -1.5%)
/home/nate-agx/.local/lib/python3.10/site-packages/requests/__init__.py:113: RequestsDependencyWarning: urllib3 (2.6.3) or chardet (7.4.0.post2)/charset_normalizer (3.4.4) doesn't match a supported version!
  warnings.warn(
/home/nate-agx/.local/lib/python3.10/site-packages/requests/__init__.py:113: RequestsDependencyWarning: urllib3 (2.6.3) or chardet (7.4.0.post2)/charset_normalizer (3.4.4) doesn't match a supported version!
  warnings.warn(
=== Treasury snapshot 2026-04-27 12:00 PDT ===
Total: $451.56

Changes since last snapshot:
TOTAL: $455.43 → $451.56 (Δ $-3.87)
/home/nate-agx/.local/lib/python3.10/site-packages/requests/__init__.py:113: RequestsDependencyWarning: urllib3 (2.6.3) or chardet (7.4.0.post2)/charset_normalizer (3.4.4) doesn't match a supported version!
  warnings.warn(
=== Treasury snapshot 2026-04-27 18:00 PDT ===
Total: $452.94

Changes since last snapshot:
TOTAL: $451.56 → $452.94 (Δ $+1.38)
/home/nate-agx/.local/lib/python3.10/site-packages/requests/__init__.py:113: RequestsDependencyWarning: urllib3 (2.6.3) or chardet (7.4.0.post2)/charset_normalizer (3.4.4) doesn't match a supported version!
  warnings.warn(
=== Treasury snapshot 2026-04-28 00:00 PDT ===
Total: $450.71

Changes since last snapshot:
TOTAL: $452.94 → $450.71 (Δ $-2.23)
/home/nate-agx/.local/lib/python3.10/site-packages/requests/__init__.py:113: RequestsDependencyWarning: urllib3 (2.6.3) or chardet (7.4.0.post2)/charset_normalizer (3.4.4) doesn't match a supported version!
  warnings.warn(
=== Treasury snapshot 2026-04-28 06:00 PDT ===
Total: $448.67

Changes since last snapshot:
TOTAL: $450.71 → $448.67 (Δ $-2.04)
/home/nate-agx/.local/lib/python3.10/site-packages/requests/__init__.py:113: RequestsDependencyWarning: urllib3 (2.6.3) or chardet (7.4.0.post2)/charset_normalizer (3.4.4) doesn't match a supported version!
  warnings.warn(
/home/nate-agx/.local/lib/python3.10/site-packages/requests/__init__.py:113: RequestsDependencyWarning: urllib3 (2.6.3) or chardet (7.4.0.post2)/charset_normalizer (3.4.4) doesn't match a supported version!
  warnings.warn(
/home/nate-agx/.local/lib/python3.10/site-packages/requests/__init__.py:113: RequestsDependencyWarning: urllib3 (2.6.3) or chardet (7.4.0.post2)/charset_normalizer (3.4.4) doesn't match a supported version!
  warnings.warn(
=== Treasury snapshot 2026-04-29 00:00 PDT ===
Total: $451.36

Changes since last snapshot:
TOTAL: $448.61 → $451.36 (Δ $+2.75)
/home/nate-agx/.local/lib/python3.10/site-packages/requests/__init__.py:113: RequestsDependencyWarning: urllib3 (2.6.3) or chardet (7.4.0.post2)/charset_normalizer (3.4.4) doesn't match a supported version!
  warnings.warn(
=== Treasury snapshot 2026-04-29 06:00 PDT ===
Total: $449.95

Changes since last snapshot:
TOTAL: $451.36 → $449.95 (Δ $-1.41)
/home/nate-agx/.local/lib/python3.10/site-packages/requests/__init__.py:113: RequestsDependencyWarning: urllib3 (2.6.3) or chardet (7.4.0.post2)/charset_normalizer (3.4.4) doesn't match a supported version!
  warnings.warn(
=== Treasury snapshot 2026-04-29 12:00 PDT ===
Total: $442.76

Changes since last snapshot:
TOTAL: $449.95 → $442.76 (Δ $-7.19)
  icp_liquid: 25.4600→25.4600 ($61.89→$59.83, Δ $-2.06, -3.3%)
  xrp: 56.5800→56.5800 ($78.24→$76.70, Δ $-1.54, -2.0%)
/home/nate-agx/.local/lib/python3.10/site-packages/requests/__init__.py:113: RequestsDependencyWarning: urllib3 (2.6.3) or chardet (7.4.0.post2)/charset_normalizer (3.4.4) doesn't match a supported version!
  warnings.warn(
=== Treasury snapshot 2026-04-29 18:00 PDT ===
Total: $448.12

Changes since last snapshot:
TOTAL: $442.76 → $448.12 (Δ $+5.36)
  icp_liquid: 25.4600→25.4600 ($59.83→$61.21, Δ $+1.38, +2.3%)
  xrp: 56.5800→56.5800 ($76.70→$78.27, Δ $+1.57, +2.0%)
/home/nate-agx/.local/lib/python3.10/site-packages/requests/__init__.py:113: RequestsDependencyWarning: urllib3 (2.6.3) or chardet (7.4.0.post2)/charset_normalizer (3.4.4) doesn't match a supported version!
  warnings.warn(
=== Treasury snapshot 2026-04-30 00:00 PDT ===
Total: $445.35

Changes since last snapshot:
TOTAL: $448.12 → $445.35 (Δ $-2.77)
/home/nate-agx/.local/lib/python3.10/site-packages/requests/__init__.py:113: RequestsDependencyWarning: urllib3 (2.6.3) or chardet (7.4.0.post2)/charset_normalizer (3.4.4) doesn't match a supported version!
  warnings.warn(
/home/nate-agx/.local/lib/python3.10/site-packages/requests/__init__.py:113: RequestsDependencyWarning: urllib3 (2.6.3) or chardet (7.4.0.post2)/charset_normalizer (3.4.4) doesn't match a supported version!
  warnings.warn(
/home/nate-agx/.local/lib/python3.10/site-packages/requests/__init__.py:113: RequestsDependencyWarning: urllib3 (2.6.3) or chardet (7.4.0.post2)/charset_normalizer (3.4.4) doesn't match a supported version!
  warnings.warn(
/home/nate-agx/.local/lib/python3.10/site-packages/requests/__init__.py:113: RequestsDependencyWarning: urllib3 (2.6.3) or chardet (7.4.0.post2)/charset_normalizer (3.4.4) doesn't match a supported version!
  warnings.warn(
=== Treasury snapshot 2026-05-01 00:00 PDT ===
Total: $445.45

Changes since last snapshot:
TOTAL: $444.41 → $445.45 (Δ $+1.04)
/home/nate-agx/.local/lib/python3.10/site-packages/requests/__init__.py:113: RequestsDependencyWarning: urllib3 (2.6.3) or chardet (7.4.0.post2)/charset_normalizer (3.4.4) doesn't match a supported version!
  warnings.warn(
=== Treasury snapshot 2026-05-01 06:00 PDT ===
Total: $446.82

Changes since last snapshot:
TOTAL: $445.45 → $446.82 (Δ $+1.37)
/home/nate-agx/.local/lib/python3.10/site-packages/requests/__init__.py:113: RequestsDependencyWarning: urllib3 (2.6.3) or chardet (7.4.0.post2)/charset_normalizer (3.4.4) doesn't match a supported version!
  warnings.warn(
=== Treasury snapshot 2026-05-01 12:00 PDT ===
Total: $448.05

Changes since last snapshot:
TOTAL: $446.82 → $448.05 (Δ $+1.23)
